Archive member included to satisfy reference by file (symbol)

C:/avr8-gnu-toolchain-win32_x86_64/bin/../lib/gcc/avr/15.1.0/avr5\libgcc.a(_divmodsi4.o)
                              C:\Users\HP\Desktop\NTI Training\pls\release\HAL\LCD\LCD_Program.c.o (__divmodsi4)
C:/avr8-gnu-toolchain-win32_x86_64/bin/../lib/gcc/avr/15.1.0/avr5\libgcc.a(_negsi2.o)
                              C:/avr8-gnu-toolchain-win32_x86_64/bin/../lib/gcc/avr/15.1.0/avr5\libgcc.a(_divmodsi4.o) (__negsi2)
C:/avr8-gnu-toolchain-win32_x86_64/bin/../lib/gcc/avr/15.1.0/avr5\libgcc.a(_exit.o)
                              C:/avr8-gnu-toolchain-win32_x86_64/bin/../lib/gcc/avr/15.1.0/../../../../avr/lib/avr5/crtatmega32.o (exit)
C:/avr8-gnu-toolchain-win32_x86_64/bin/../lib/gcc/avr/15.1.0/avr5\libgcc.a(_copy_data.o)
                              C:\Users\HP\Desktop\NTI Training\pls\release\App\statemachine_Program.c.o (__do_copy_data)
C:/avr8-gnu-toolchain-win32_x86_64/bin/../lib/gcc/avr/15.1.0/avr5\libgcc.a(_clear_bss.o)
                              C:\Users\HP\Desktop\NTI Training\pls\release\App\statemachine_Program.c.o (__do_clear_bss)
C:/avr8-gnu-toolchain-win32_x86_64/bin/../lib/gcc/avr/15.1.0/avr5\libgcc.a(_udivmodsi4.o)
                              C:/avr8-gnu-toolchain-win32_x86_64/bin/../lib/gcc/avr/15.1.0/avr5\libgcc.a(_divmodsi4.o) (__udivmodsi4)
C:/avr8-gnu-toolchain-win32_x86_64/bin/../lib/gcc/avr/15.1.0/../../../../avr/lib/avr5\libm.a(divsf3.o)
                              C:\Users\HP\Desktop\NTI Training\pls\release\HAL\DHT22\DHT_Program.c.o (__divsf3)
C:/avr8-gnu-toolchain-win32_x86_64/bin/../lib/gcc/avr/15.1.0/../../../../avr/lib/avr5\libm.a(divsf3x.o)
                              C:/avr8-gnu-toolchain-win32_x86_64/bin/../lib/gcc/avr/15.1.0/../../../../avr/lib/avr5\libm.a(divsf3.o) (__divsf3x)
C:/avr8-gnu-toolchain-win32_x86_64/bin/../lib/gcc/avr/15.1.0/../../../../avr/lib/avr5\libm.a(fixunssfsi.o)
                              C:\Users\HP\Desktop\NTI Training\pls\release\HAL\DHT22\DHT_Program.c.o (__fixunssfsi)
C:/avr8-gnu-toolchain-win32_x86_64/bin/../lib/gcc/avr/15.1.0/../../../../avr/lib/avr5\libm.a(floatsisf.o)
                              C:\Users\HP\Desktop\NTI Training\pls\release\HAL\DHT22\DHT_Program.c.o (__floatunsisf)
C:/avr8-gnu-toolchain-win32_x86_64/bin/../lib/gcc/avr/15.1.0/../../../../avr/lib/avr5\libm.a(fp_inf.o)
                              C:/avr8-gnu-toolchain-win32_x86_64/bin/../lib/gcc/avr/15.1.0/../../../../avr/lib/avr5\libm.a(divsf3x.o) (__fp_inf)
C:/avr8-gnu-toolchain-win32_x86_64/bin/../lib/gcc/avr/15.1.0/../../../../avr/lib/avr5\libm.a(fp_nan.o)
                              C:/avr8-gnu-toolchain-win32_x86_64/bin/../lib/gcc/avr/15.1.0/../../../../avr/lib/avr5\libm.a(divsf3x.o) (__fp_nan)
C:/avr8-gnu-toolchain-win32_x86_64/bin/../lib/gcc/avr/15.1.0/../../../../avr/lib/avr5\libm.a(fp_pscA.o)
                              C:/avr8-gnu-toolchain-win32_x86_64/bin/../lib/gcc/avr/15.1.0/../../../../avr/lib/avr5\libm.a(divsf3x.o) (__fp_pscA)
C:/avr8-gnu-toolchain-win32_x86_64/bin/../lib/gcc/avr/15.1.0/../../../../avr/lib/avr5\libm.a(fp_pscB.o)
                              C:/avr8-gnu-toolchain-win32_x86_64/bin/../lib/gcc/avr/15.1.0/../../../../avr/lib/avr5\libm.a(divsf3x.o) (__fp_pscB)
C:/avr8-gnu-toolchain-win32_x86_64/bin/../lib/gcc/avr/15.1.0/../../../../avr/lib/avr5\libm.a(fp_round.o)
                              C:/avr8-gnu-toolchain-win32_x86_64/bin/../lib/gcc/avr/15.1.0/../../../../avr/lib/avr5\libm.a(divsf3.o) (__fp_round)
C:/avr8-gnu-toolchain-win32_x86_64/bin/../lib/gcc/avr/15.1.0/../../../../avr/lib/avr5\libm.a(fp_split3.o)
                              C:/avr8-gnu-toolchain-win32_x86_64/bin/../lib/gcc/avr/15.1.0/../../../../avr/lib/avr5\libm.a(divsf3x.o) (__fp_split3)
C:/avr8-gnu-toolchain-win32_x86_64/bin/../lib/gcc/avr/15.1.0/../../../../avr/lib/avr5\libm.a(fp_zero.o)
                              C:/avr8-gnu-toolchain-win32_x86_64/bin/../lib/gcc/avr/15.1.0/../../../../avr/lib/avr5\libm.a(fixunssfsi.o) (__fp_zero)

There are no discarded input sections

Memory Configuration

Name             Origin             Length             Attributes
text             0x00000000         0x00008000         xr
data             0x00800060         0x00000800         rw!x
eeprom           0x00810000         0x00000400         rw!x
fuse             0x00820000         0x00000002         rw!x
lock             0x00830000         0x00000400         rw!x
signature        0x00840000         0x00000400         rw!x
user_signatures  0x00850000         0x00000400         rw!x
*default*        0x00000000         0xffffffff

Linker script and memory map

LOAD C:/avr8-gnu-toolchain-win32_x86_64/bin/../lib/gcc/avr/15.1.0/../../../../avr/lib/avr5/crtatmega32.o
LOAD C:\Users\HP\Desktop\NTI Training\pls\release\App\main.c.o
LOAD C:\Users\HP\Desktop\NTI Training\pls\release\App\statemachine_Program.c.o
LOAD C:\Users\HP\Desktop\NTI Training\pls\release\HAL\BTN_EXTI\BTN_EXTI_Program.c.o
LOAD C:\Users\HP\Desktop\NTI Training\pls\release\HAL\Button\BTN_Program.c.o
LOAD C:\Users\HP\Desktop\NTI Training\pls\release\HAL\DHT22\DHT_Program.c.o
LOAD C:\Users\HP\Desktop\NTI Training\pls\release\HAL\Keypad\Keypad_Program.c.o
LOAD C:\Users\HP\Desktop\NTI Training\pls\release\HAL\LCD\LCD_Program.c.o
LOAD C:\Users\HP\Desktop\NTI Training\pls\release\HAL\LED\LED_Program.c.o
LOAD C:\Users\HP\Desktop\NTI Training\pls\release\HAL\Relay\RELAY_Program.c.o
LOAD C:\Users\HP\Desktop\NTI Training\pls\release\MCAL\ADC\ADC_Program.c.o
LOAD C:\Users\HP\Desktop\NTI Training\pls\release\MCAL\DIO\DIO_Program.c.o
LOAD C:\Users\HP\Desktop\NTI Training\pls\release\MCAL\EXTI\EXTI_Program.c.o
LOAD C:\Users\HP\Desktop\NTI Training\pls\release\MCAL\GIE\GIE_Program.c.o
LOAD C:\Users\HP\Desktop\NTI Training\pls\release\MCAL\TIMER0\TIMER0_Program.c.o
START GROUP
LOAD C:/avr8-gnu-toolchain-win32_x86_64/bin/../lib/gcc/avr/15.1.0/avr5\libgcc.a
LOAD C:/avr8-gnu-toolchain-win32_x86_64/bin/../lib/gcc/avr/15.1.0/../../../../avr/lib/avr5\libm.a
LOAD C:/avr8-gnu-toolchain-win32_x86_64/bin/../lib/gcc/avr/15.1.0/../../../../avr/lib/avr5\libc.a
LOAD C:/avr8-gnu-toolchain-win32_x86_64/bin/../lib/gcc/avr/15.1.0/../../../../avr/lib/avr5\libatmega32.a
END GROUP
                [0x00000000]                      __TEXT_REGION_ORIGIN__ = DEFINED (__TEXT_REGION_ORIGIN__)?__TEXT_REGION_ORIGIN__:0x0
                [0x00008000]                      __TEXT_REGION_LENGTH__ = DEFINED (__TEXT_REGION_LENGTH__)?__TEXT_REGION_LENGTH__:0x20000
                [0x00800060]                      __DATA_REGION_ORIGIN__ = DEFINED (__DATA_REGION_ORIGIN__)?__DATA_REGION_ORIGIN__:0x800060
                [0x00000800]                      __DATA_REGION_LENGTH__ = DEFINED (__DATA_REGION_LENGTH__)?__DATA_REGION_LENGTH__:0xffa0
                [0x00000400]                      __EEPROM_REGION_LENGTH__ = DEFINED (__EEPROM_REGION_LENGTH__)?__EEPROM_REGION_LENGTH__:0x10000
                [0x00000002]                      __FUSE_REGION_LENGTH__ = DEFINED (__FUSE_REGION_LENGTH__)?__FUSE_REGION_LENGTH__:0x400
                0x00000400                        __LOCK_REGION_LENGTH__ = DEFINED (__LOCK_REGION_LENGTH__)?__LOCK_REGION_LENGTH__:0x400
                0x00000400                        __SIGNATURE_REGION_LENGTH__ = DEFINED (__SIGNATURE_REGION_LENGTH__)?__SIGNATURE_REGION_LENGTH__:0x400
                0x00000400                        __USER_SIGNATURE_REGION_LENGTH__ = DEFINED (__USER_SIGNATURE_REGION_LENGTH__)?__USER_SIGNATURE_REGION_LENGTH__:0x400

.hash
 *(.hash)

.dynsym
 *(.dynsym)

.dynstr
 *(.dynstr)

.gnu.version
 *(.gnu.version)

.gnu.version_d
 *(.gnu.version_d)

.gnu.version_r
 *(.gnu.version_r)

.rel.init
 *(.rel.init)

.rela.init
 *(.rela.init)

.rel.text
 *(.rel.text)
 *(.rel.text.*)
 *(.rel.gnu.linkonce.t*)

.rela.text
 *(.rela.text)
 *(.rela.text.*)
 *(.rela.gnu.linkonce.t*)

.rel.fini
 *(.rel.fini)

.rela.fini
 *(.rela.fini)

.rel.rodata
 *(.rel.rodata)
 *(.rel.rodata.*)
 *(.rel.gnu.linkonce.r*)

.rela.rodata
 *(.rela.rodata)
 *(.rela.rodata.*)
 *(.rela.gnu.linkonce.r*)

.rel.data
 *(.rel.data)
 *(.rel.data.*)
 *(.rel.gnu.linkonce.d*)

.rela.data
 *(.rela.data)
 *(.rela.data.*)
 *(.rela.gnu.linkonce.d*)

.rel.ctors
 *(.rel.ctors)

.rela.ctors
 *(.rela.ctors)

.rel.dtors
 *(.rel.dtors)

.rela.dtors
 *(.rela.dtors)

.rel.got
 *(.rel.got)

.rela.got
 *(.rela.got)

.rel.bss
 *(.rel.bss)

.rela.bss
 *(.rela.bss)

.rel.plt
 *(.rel.plt)

.rela.plt
 *(.rela.plt)

.text           0x00000000     0x1984
 *(.vectors)
 .vectors       0x00000000       0x54 C:/avr8-gnu-toolchain-win32_x86_64/bin/../lib/gcc/avr/15.1.0/../../../../avr/lib/avr5/crtatmega32.o
                0x00000000                __vector_default
                0x00000000                __vectors
 *(.vectors)
 *(.progmem.gcc*)
                0x00000054                        . = ALIGN (0x2)
                0x00000054                        __trampolines_start = .
 *(.trampolines)
 .trampolines   0x00000054        0x0 linker stubs
 *(.trampolines*)
                0x00000054                        __trampolines_end = .
 *libprintf_flt.a:*(.progmem.data)
 *libc.a:*(.progmem.data)
 *(.progmem.*)
                0x00000054                        . = ALIGN (0x2)
 *(.lowtext)
 *(.lowtext*)
                0x00000054                        __ctors_start = .
 *(.ctors)
                0x00000054                        __ctors_end = .
                0x00000054                        __dtors_start = .
 *(.dtors)
                0x00000054                        __dtors_end = .
 SORT_BY_NAME(*)(.ctors)
 SORT_BY_NAME(*)(.dtors)
 *(.init0)
 .init0         0x00000054        0x0 C:/avr8-gnu-toolchain-win32_x86_64/bin/../lib/gcc/avr/15.1.0/../../../../avr/lib/avr5/crtatmega32.o
                0x00000054                __init
 *(.init0)
 *(.init1)
 *(.init1)
 *(.init2)
 .init2         0x00000054        0xc C:/avr8-gnu-toolchain-win32_x86_64/bin/../lib/gcc/avr/15.1.0/../../../../avr/lib/avr5/crtatmega32.o
 *(.init2)
 *(.init3)
 *(.init3)
 *(.init4)
 .init4         0x00000060       0x16 C:/avr8-gnu-toolchain-win32_x86_64/bin/../lib/gcc/avr/15.1.0/avr5\libgcc.a(_copy_data.o)
                0x00000060                __do_copy_data
 .init4         0x00000076       0x10 C:/avr8-gnu-toolchain-win32_x86_64/bin/../lib/gcc/avr/15.1.0/avr5\libgcc.a(_clear_bss.o)
                0x00000076                __do_clear_bss
 *(.init4)
 *(.init5)
 *(.init5)
 *(.init6)
 *(.init6)
 *(.init7)
 *(.init7)
 *(.init8)
 *(.init8)
 *(.init9)
 .init9         0x00000086        0x8 C:/avr8-gnu-toolchain-win32_x86_64/bin/../lib/gcc/avr/15.1.0/../../../../avr/lib/avr5/crtatmega32.o
 *(.init9)
 *(.text)
 .text          0x0000008e        0x4 C:/avr8-gnu-toolchain-win32_x86_64/bin/../lib/gcc/avr/15.1.0/../../../../avr/lib/avr5/crtatmega32.o
                0x0000008e                __vector_12
                0x0000008e                __bad_interrupt
                0x0000008e                __vector_6
                0x0000008e                __vector_13
                0x0000008e                __vector_17
                0x0000008e                __vector_19
                0x0000008e                __vector_7
                0x0000008e                __vector_5
                0x0000008e                __vector_4
                0x0000008e                __vector_9
                0x0000008e                __vector_15
                0x0000008e                __vector_8
                0x0000008e                __vector_14
                0x0000008e                __vector_16
                0x0000008e                __vector_18
                0x0000008e                __vector_20
 .text          0x00000092        0x0 C:\Users\HP\Desktop\NTI Training\pls\release\App\main.c.o
 .text          0x00000092      0x5f8 C:\Users\HP\Desktop\NTI Training\pls\release\App\statemachine_Program.c.o
                0x00000092                App_ChangeSystemMode
                0x000000b8                WaterPump_Init
                0x000000c0                WaterPump_Toggle
                0x000000c8                WaterPump_On
                0x000000d0                WaterPump_Off
                0x000000d8                Heater_Init
                0x000000e0                Heater_Toggle
                0x000000e8                Heater_On
                0x000000f0                Heater_Off
                0x000000f8                Fan_Init
                0x00000100                Fan_Toggle
                0x00000108                Fan_On
                0x00000110                Fan_Off
                0x00000118                System_Init
                0x00000192                Manual_Mode
                0x0000024c                Home_Screen
                0x000002d2                Automatic_Mode
                0x0000033e                Emergency_Function
                0x000003b8                Check_Emergency_Limits
                0x000003da                Configuration_Mode
                0x00000532                StateMachine
 .text          0x0000068a       0xa6 C:\Users\HP\Desktop\NTI Training\pls\release\HAL\BTN_EXTI\BTN_EXTI_Program.c.o
                0x0000068a                BTNEXTI_Init
                0x00000708                BTNEXTI_SetCallBack
 .text          0x00000730       0x2a C:\Users\HP\Desktop\NTI Training\pls\release\HAL\Button\BTN_Program.c.o
                0x00000730                BTN_Init
                0x00000756                BTN_IsPressed
 .text          0x0000075a      0x1a4 C:\Users\HP\Desktop\NTI Training\pls\release\HAL\DHT22\DHT_Program.c.o
                0x0000075a                DHT_Start
                0x00000796                DHT_Response
                0x000007e6                DHT_ReadByte
                0x0000082c                DHT_GetData
 .text          0x000008fe      0x1ea C:\Users\HP\Desktop\NTI Training\pls\release\HAL\Keypad\Keypad_Program.c.o
                0x000008fe                Keypad_Init
                0x0000098a                Keypad_GetButton
 .text          0x00000ae8      0x468 C:\Users\HP\Desktop\NTI Training\pls\release\HAL\LCD\LCD_Program.c.o
                0x00000ae8                LCD_WriteData
                0x00000b9a                LCD_WriteInstruction
                0x00000c4c                LCD_Init
                0x00000db0                LCD_WriteString
                0x00000df8                LCD_GotoXY
                0x00000e22                LCD_Clear
                0x00000e38                LCD_WriteNumber
 .text          0x00000f50       0x2a C:\Users\HP\Desktop\NTI Training\pls\release\HAL\LED\LED_Program.c.o
                0x00000f50                LED_Init
                0x00000f56                LED_On
                0x00000f62                LED_Off
                0x00000f76                LED_Toggle
 .text          0x00000f7a       0x36 C:\Users\HP\Desktop\NTI Training\pls\release\HAL\Relay\RELAY_Program.c.o
                0x00000f7a                Relay_Init
                0x00000fa0                Relay_TurnOn
                0x00000fa6                Relay_TurnOff
                0x00000fac                Relay_Toggle
 .text          0x00000fb0       0x9e C:\Users\HP\Desktop\NTI Training\pls\release\MCAL\ADC\ADC_Program.c.o
                0x00000fb0                ADC_Init
                0x0000102e                ADC_StartConversion
                0x0000103a                ADC_GetValue
 .text          0x0000104e      0x27a C:\Users\HP\Desktop\NTI Training\pls\release\MCAL\DIO\DIO_Program.c.o
                0x0000104e                DIO_SetPinDirection
                0x00001112                DIO_SetGroupDirection
                0x00001132                DIO_SetPinValue
                0x000011f0                DIO_SetGroupValue
                0x00001210                DIO_ReadPin
                0x00001270                DIO_TogglePin
 .text          0x000012c8      0x21e C:\Users\HP\Desktop\NTI Training\pls\release\MCAL\EXTI\EXTI_Program.c.o
                0x000012c8                EXTI_Init
                0x00001378                EXTI_Enable
                0x0000139c                EXTI_Disable
                0x000013c0                EXTI_CallBack
                0x000013f0                __vector_1
                0x00001442                __vector_2
                0x00001494                __vector_3
 .text          0x000014e6       0x10 C:\Users\HP\Desktop\NTI Training\pls\release\MCAL\GIE\GIE_Program.c.o
                0x000014e6                GIE_Enable
                0x000014ee                GIE_Disable
 .text          0x000014f6      0x1a0 C:\Users\HP\Desktop\NTI Training\pls\release\MCAL\TIMER0\TIMER0_Program.c.o
                0x000014f6                TIMER0_Init
                0x000015ba                TIMER0_Start
                0x000015c8                TIMER0_Stop
                0x000015d0                TIMER0_CallBack
                0x000015f2                __vector_10
                0x00001644                __vector_11
 .text          0x00001696        0x0 C:/avr8-gnu-toolchain-win32_x86_64/bin/../lib/gcc/avr/15.1.0/avr5\libgcc.a(_divmodsi4.o)
 .text          0x00001696        0x0 C:/avr8-gnu-toolchain-win32_x86_64/bin/../lib/gcc/avr/15.1.0/avr5\libgcc.a(_negsi2.o)
 .text          0x00001696        0x0 C:/avr8-gnu-toolchain-win32_x86_64/bin/../lib/gcc/avr/15.1.0/avr5\libgcc.a(_exit.o)
 .text          0x00001696        0x0 C:/avr8-gnu-toolchain-win32_x86_64/bin/../lib/gcc/avr/15.1.0/avr5\libgcc.a(_copy_data.o)
 .text          0x00001696        0x0 C:/avr8-gnu-toolchain-win32_x86_64/bin/../lib/gcc/avr/15.1.0/avr5\libgcc.a(_clear_bss.o)
 .text          0x00001696        0x0 C:/avr8-gnu-toolchain-win32_x86_64/bin/../lib/gcc/avr/15.1.0/avr5\libgcc.a(_udivmodsi4.o)
 .text          0x00001696        0x0 C:/avr8-gnu-toolchain-win32_x86_64/bin/../lib/gcc/avr/15.1.0/../../../../avr/lib/avr5\libm.a(divsf3.o)
 .text          0x00001696        0x0 C:/avr8-gnu-toolchain-win32_x86_64/bin/../lib/gcc/avr/15.1.0/../../../../avr/lib/avr5\libm.a(divsf3x.o)
 .text          0x00001696        0x0 C:/avr8-gnu-toolchain-win32_x86_64/bin/../lib/gcc/avr/15.1.0/../../../../avr/lib/avr5\libm.a(fixunssfsi.o)
 .text          0x00001696        0x0 C:/avr8-gnu-toolchain-win32_x86_64/bin/../lib/gcc/avr/15.1.0/../../../../avr/lib/avr5\libm.a(floatsisf.o)
 .text          0x00001696        0x0 C:/avr8-gnu-toolchain-win32_x86_64/bin/../lib/gcc/avr/15.1.0/../../../../avr/lib/avr5\libm.a(fp_inf.o)
 .text          0x00001696        0x0 C:/avr8-gnu-toolchain-win32_x86_64/bin/../lib/gcc/avr/15.1.0/../../../../avr/lib/avr5\libm.a(fp_nan.o)
 .text          0x00001696        0x0 C:/avr8-gnu-toolchain-win32_x86_64/bin/../lib/gcc/avr/15.1.0/../../../../avr/lib/avr5\libm.a(fp_pscA.o)
 .text          0x00001696        0x0 C:/avr8-gnu-toolchain-win32_x86_64/bin/../lib/gcc/avr/15.1.0/../../../../avr/lib/avr5\libm.a(fp_pscB.o)
 .text          0x00001696        0x0 C:/avr8-gnu-toolchain-win32_x86_64/bin/../lib/gcc/avr/15.1.0/../../../../avr/lib/avr5\libm.a(fp_round.o)
 .text          0x00001696        0x0 C:/avr8-gnu-toolchain-win32_x86_64/bin/../lib/gcc/avr/15.1.0/../../../../avr/lib/avr5\libm.a(fp_split3.o)
 .text          0x00001696        0x0 C:/avr8-gnu-toolchain-win32_x86_64/bin/../lib/gcc/avr/15.1.0/../../../../avr/lib/avr5\libm.a(fp_zero.o)
                0x00001696                        . = ALIGN (0x2)
 *(.text.*)
 .text.startup  0x00001696        0xa C:\Users\HP\Desktop\NTI Training\pls\release\App\main.c.o
                0x00001696                main
 .text.libgcc.mul
                0x000016a0        0x0 C:/avr8-gnu-toolchain-win32_x86_64/bin/../lib/gcc/avr/15.1.0/avr5\libgcc.a(_divmodsi4.o)
 .text.libgcc.div
                0x000016a0       0x2e C:/avr8-gnu-toolchain-win32_x86_64/bin/../lib/gcc/avr/15.1.0/avr5\libgcc.a(_divmodsi4.o)
                0x000016a0                __divmodsi4
 .text.libgcc   0x000016ce        0x0 C:/avr8-gnu-toolchain-win32_x86_64/bin/../lib/gcc/avr/15.1.0/avr5\libgcc.a(_divmodsi4.o)
 .text.libgcc.prologue
                0x000016ce        0x0 C:/avr8-gnu-toolchain-win32_x86_64/bin/../lib/gcc/avr/15.1.0/avr5\libgcc.a(_divmodsi4.o)
 .text.libgcc.builtins
                0x000016ce        0x0 C:/avr8-gnu-toolchain-win32_x86_64/bin/../lib/gcc/avr/15.1.0/avr5\libgcc.a(_divmodsi4.o)
 .text.libgcc.fmul
                0x000016ce        0x0 C:/avr8-gnu-toolchain-win32_x86_64/bin/../lib/gcc/avr/15.1.0/avr5\libgcc.a(_divmodsi4.o)
 .text.libgcc.fixed
                0x000016ce        0x0 C:/avr8-gnu-toolchain-win32_x86_64/bin/../lib/gcc/avr/15.1.0/avr5\libgcc.a(_divmodsi4.o)
 .text.libgcc.mul
                0x000016ce        0x0 C:/avr8-gnu-toolchain-win32_x86_64/bin/../lib/gcc/avr/15.1.0/avr5\libgcc.a(_negsi2.o)
 .text.libgcc.div
                0x000016ce       0x10 C:/avr8-gnu-toolchain-win32_x86_64/bin/../lib/gcc/avr/15.1.0/avr5\libgcc.a(_negsi2.o)
                0x000016ce                __negsi2
 .text.libgcc   0x000016de        0x0 C:/avr8-gnu-toolchain-win32_x86_64/bin/../lib/gcc/avr/15.1.0/avr5\libgcc.a(_negsi2.o)
 .text.libgcc.prologue
                0x000016de        0x0 C:/avr8-gnu-toolchain-win32_x86_64/bin/../lib/gcc/avr/15.1.0/avr5\libgcc.a(_negsi2.o)
 .text.libgcc.builtins
                0x000016de        0x0 C:/avr8-gnu-toolchain-win32_x86_64/bin/../lib/gcc/avr/15.1.0/avr5\libgcc.a(_negsi2.o)
 .text.libgcc.fmul
                0x000016de        0x0 C:/avr8-gnu-toolchain-win32_x86_64/bin/../lib/gcc/avr/15.1.0/avr5\libgcc.a(_negsi2.o)
 .text.libgcc.fixed
                0x000016de        0x0 C:/avr8-gnu-toolchain-win32_x86_64/bin/../lib/gcc/avr/15.1.0/avr5\libgcc.a(_negsi2.o)
 .text.libgcc.mul
                0x000016de        0x0 C:/avr8-gnu-toolchain-win32_x86_64/bin/../lib/gcc/avr/15.1.0/avr5\libgcc.a(_exit.o)
 .text.libgcc.div
                0x000016de        0x0 C:/avr8-gnu-toolchain-win32_x86_64/bin/../lib/gcc/avr/15.1.0/avr5\libgcc.a(_exit.o)
 .text.libgcc   0x000016de        0x0 C:/avr8-gnu-toolchain-win32_x86_64/bin/../lib/gcc/avr/15.1.0/avr5\libgcc.a(_exit.o)
 .text.libgcc.prologue
                0x000016de        0x0 C:/avr8-gnu-toolchain-win32_x86_64/bin/../lib/gcc/avr/15.1.0/avr5\libgcc.a(_exit.o)
 .text.libgcc.builtins
                0x000016de        0x0 C:/avr8-gnu-toolchain-win32_x86_64/bin/../lib/gcc/avr/15.1.0/avr5\libgcc.a(_exit.o)
 .text.libgcc.fmul
                0x000016de        0x0 C:/avr8-gnu-toolchain-win32_x86_64/bin/../lib/gcc/avr/15.1.0/avr5\libgcc.a(_exit.o)
 .text.libgcc.fixed
                0x000016de        0x0 C:/avr8-gnu-toolchain-win32_x86_64/bin/../lib/gcc/avr/15.1.0/avr5\libgcc.a(_exit.o)
 .text.libgcc.mul
                0x000016de        0x0 C:/avr8-gnu-toolchain-win32_x86_64/bin/../lib/gcc/avr/15.1.0/avr5\libgcc.a(_copy_data.o)
 .text.libgcc.div
                0x000016de        0x0 C:/avr8-gnu-toolchain-win32_x86_64/bin/../lib/gcc/avr/15.1.0/avr5\libgcc.a(_copy_data.o)
 .text.libgcc   0x000016de        0x0 C:/avr8-gnu-toolchain-win32_x86_64/bin/../lib/gcc/avr/15.1.0/avr5\libgcc.a(_copy_data.o)
 .text.libgcc.prologue
                0x000016de        0x0 C:/avr8-gnu-toolchain-win32_x86_64/bin/../lib/gcc/avr/15.1.0/avr5\libgcc.a(_copy_data.o)
 .text.libgcc.builtins
                0x000016de        0x0 C:/avr8-gnu-toolchain-win32_x86_64/bin/../lib/gcc/avr/15.1.0/avr5\libgcc.a(_copy_data.o)
 .text.libgcc.fmul
                0x000016de        0x0 C:/avr8-gnu-toolchain-win32_x86_64/bin/../lib/gcc/avr/15.1.0/avr5\libgcc.a(_copy_data.o)
 .text.libgcc.fixed
                0x000016de        0x0 C:/avr8-gnu-toolchain-win32_x86_64/bin/../lib/gcc/avr/15.1.0/avr5\libgcc.a(_copy_data.o)
 .text.libgcc.mul
                0x000016de        0x0 C:/avr8-gnu-toolchain-win32_x86_64/bin/../lib/gcc/avr/15.1.0/avr5\libgcc.a(_clear_bss.o)
 .text.libgcc.div
                0x000016de        0x0 C:/avr8-gnu-toolchain-win32_x86_64/bin/../lib/gcc/avr/15.1.0/avr5\libgcc.a(_clear_bss.o)
 .text.libgcc   0x000016de        0x0 C:/avr8-gnu-toolchain-win32_x86_64/bin/../lib/gcc/avr/15.1.0/avr5\libgcc.a(_clear_bss.o)
 .text.libgcc.prologue
                0x000016de        0x0 C:/avr8-gnu-toolchain-win32_x86_64/bin/../lib/gcc/avr/15.1.0/avr5\libgcc.a(_clear_bss.o)
 .text.libgcc.builtins
                0x000016de        0x0 C:/avr8-gnu-toolchain-win32_x86_64/bin/../lib/gcc/avr/15.1.0/avr5\libgcc.a(_clear_bss.o)
 .text.libgcc.fmul
                0x000016de        0x0 C:/avr8-gnu-toolchain-win32_x86_64/bin/../lib/gcc/avr/15.1.0/avr5\libgcc.a(_clear_bss.o)
 .text.libgcc.fixed
                0x000016de        0x0 C:/avr8-gnu-toolchain-win32_x86_64/bin/../lib/gcc/avr/15.1.0/avr5\libgcc.a(_clear_bss.o)
 .text.libgcc.mul
                0x000016de        0x0 C:/avr8-gnu-toolchain-win32_x86_64/bin/../lib/gcc/avr/15.1.0/avr5\libgcc.a(_udivmodsi4.o)
 .text.libgcc.div
                0x000016de       0x44 C:/avr8-gnu-toolchain-win32_x86_64/bin/../lib/gcc/avr/15.1.0/avr5\libgcc.a(_udivmodsi4.o)
                0x000016de                __udivmodsi4
 .text.libgcc   0x00001722        0x0 C:/avr8-gnu-toolchain-win32_x86_64/bin/../lib/gcc/avr/15.1.0/avr5\libgcc.a(_udivmodsi4.o)
 .text.libgcc.prologue
                0x00001722        0x0 C:/avr8-gnu-toolchain-win32_x86_64/bin/../lib/gcc/avr/15.1.0/avr5\libgcc.a(_udivmodsi4.o)
 .text.libgcc.builtins
                0x00001722        0x0 C:/avr8-gnu-toolchain-win32_x86_64/bin/../lib/gcc/avr/15.1.0/avr5\libgcc.a(_udivmodsi4.o)
 .text.libgcc.fmul
                0x00001722        0x0 C:/avr8-gnu-toolchain-win32_x86_64/bin/../lib/gcc/avr/15.1.0/avr5\libgcc.a(_udivmodsi4.o)
 .text.libgcc.fixed
                0x00001722        0x0 C:/avr8-gnu-toolchain-win32_x86_64/bin/../lib/gcc/avr/15.1.0/avr5\libgcc.a(_udivmodsi4.o)
 .text.avr-libc.fplib
                0x00001722        0x8 C:/avr8-gnu-toolchain-win32_x86_64/bin/../lib/gcc/avr/15.1.0/../../../../avr/lib/avr5\libm.a(divsf3.o)
                0x00001722                __divsf3
 .text.avr-libc.fplib
                0x0000172a       0xdc C:/avr8-gnu-toolchain-win32_x86_64/bin/../lib/gcc/avr/15.1.0/../../../../avr/lib/avr5\libm.a(divsf3x.o)
                0x0000174a                __divsf3x
                0x00001750                __divsf3_pse
 .text.avr-libc.fplib
                0x00001806       0x5e C:/avr8-gnu-toolchain-win32_x86_64/bin/../lib/gcc/avr/15.1.0/../../../../avr/lib/avr5\libm.a(fixunssfsi.o)
                0x00001806                __fixunssfsi
 .text.avr-libc.fplib
                0x00001864       0x7a C:/avr8-gnu-toolchain-win32_x86_64/bin/../lib/gcc/avr/15.1.0/../../../../avr/lib/avr5\libm.a(floatsisf.o)
                0x00001864                __floatunsisf
                0x00001868                __floatsisf
 .text.avr-libc.fplib
                0x000018de        0xc C:/avr8-gnu-toolchain-win32_x86_64/bin/../lib/gcc/avr/15.1.0/../../../../avr/lib/avr5\libm.a(fp_inf.o)
                0x000018de                __fp_inf
 .text.avr-libc.fplib
                0x000018ea        0x6 C:/avr8-gnu-toolchain-win32_x86_64/bin/../lib/gcc/avr/15.1.0/../../../../avr/lib/avr5\libm.a(fp_nan.o)
                0x000018ea                __fp_nan
 .text.avr-libc.fplib
                0x000018f0        0xe C:/avr8-gnu-toolchain-win32_x86_64/bin/../lib/gcc/avr/15.1.0/../../../../avr/lib/avr5\libm.a(fp_pscA.o)
                0x000018f0                __fp_pscA
 .text.avr-libc.fplib
                0x000018fe        0xe C:/avr8-gnu-toolchain-win32_x86_64/bin/../lib/gcc/avr/15.1.0/../../../../avr/lib/avr5\libm.a(fp_pscB.o)
                0x000018fe                __fp_pscB
 .text.avr-libc.fplib
                0x0000190c       0x22 C:/avr8-gnu-toolchain-win32_x86_64/bin/../lib/gcc/avr/15.1.0/../../../../avr/lib/avr5\libm.a(fp_round.o)
                0x0000190c                __fp_round
 .text.avr-libc.fplib
                0x0000192e       0x44 C:/avr8-gnu-toolchain-win32_x86_64/bin/../lib/gcc/avr/15.1.0/../../../../avr/lib/avr5\libm.a(fp_split3.o)
                0x0000192e                __fp_split3
                0x0000193e                __fp_splitA
 .text.avr-libc.fplib
                0x00001972        0xe C:/avr8-gnu-toolchain-win32_x86_64/bin/../lib/gcc/avr/15.1.0/../../../../avr/lib/avr5\libm.a(fp_zero.o)
                0x00001972                __fp_zero
                0x00001974                __fp_szero
                0x00001980                        . = ALIGN (0x2)
 *(.fini9)
 .fini9         0x00001980        0x0 C:/avr8-gnu-toolchain-win32_x86_64/bin/../lib/gcc/avr/15.1.0/avr5\libgcc.a(_exit.o)
                0x00001980                _exit
                0x00001980                exit
 *(.fini9)
 *(.fini8)
 *(.fini8)
 *(.fini7)
 *(.fini7)
 *(.fini6)
 *(.fini6)
 *(.fini5)
 *(.fini5)
 *(.fini4)
 *(.fini4)
 *(.fini3)
 *(.fini3)
 *(.fini2)
 *(.fini2)
 *(.fini1)
 *(.fini1)
 *(.fini0)
 .fini0         0x00001980        0x4 C:/avr8-gnu-toolchain-win32_x86_64/bin/../lib/gcc/avr/15.1.0/avr5\libgcc.a(_exit.o)
 *(.fini0)
 *(.hightext)
 *(.hightext*)
 *(.progmemx.*)
                0x00001984                        . = ALIGN (0x2)
 *(.jumptables)
 *(.jumptables*)
                0x00001984                        _etext = .

.data           0x00800060       0x82 load address 0x00001984
                0x00800060                        PROVIDE (__data_start = .)
 *(.data)
 .data          0x00800060        0x0 C:/avr8-gnu-toolchain-win32_x86_64/bin/../lib/gcc/avr/15.1.0/../../../../avr/lib/avr5/crtatmega32.o
 .data          0x00800060        0x0 C:\Users\HP\Desktop\NTI Training\pls\release\App\main.c.o
 .data          0x00800060        0xa C:\Users\HP\Desktop\NTI Training\pls\release\App\statemachine_Program.c.o
                0x00800062                Metrics
 .data          0x0080006a        0x0 C:\Users\HP\Desktop\NTI Training\pls\release\HAL\BTN_EXTI\BTN_EXTI_Program.c.o
 .data          0x0080006a        0x0 C:\Users\HP\Desktop\NTI Training\pls\release\HAL\Button\BTN_Program.c.o
 .data          0x0080006a        0x0 C:\Users\HP\Desktop\NTI Training\pls\release\HAL\DHT22\DHT_Program.c.o
 .data          0x0080006a        0xc C:\Users\HP\Desktop\NTI Training\pls\release\HAL\Keypad\Keypad_Program.c.o
                0x0080006a                KeypadValue
 .data          0x00800076        0x0 C:\Users\HP\Desktop\NTI Training\pls\release\HAL\LCD\LCD_Program.c.o
 .data          0x00800076        0x0 C:\Users\HP\Desktop\NTI Training\pls\release\HAL\LED\LED_Program.c.o
 .data          0x00800076        0x0 C:\Users\HP\Desktop\NTI Training\pls\release\HAL\Relay\RELAY_Program.c.o
 .data          0x00800076        0x0 C:\Users\HP\Desktop\NTI Training\pls\release\MCAL\ADC\ADC_Program.c.o
 .data          0x00800076        0x0 C:\Users\HP\Desktop\NTI Training\pls\release\MCAL\DIO\DIO_Program.c.o
 .data          0x00800076        0x0 C:\Users\HP\Desktop\NTI Training\pls\release\MCAL\EXTI\EXTI_Program.c.o
 .data          0x00800076        0x0 C:\Users\HP\Desktop\NTI Training\pls\release\MCAL\GIE\GIE_Program.c.o
 .data          0x00800076        0x0 C:\Users\HP\Desktop\NTI Training\pls\release\MCAL\TIMER0\TIMER0_Program.c.o
 .data          0x00800076        0x0 C:/avr8-gnu-toolchain-win32_x86_64/bin/../lib/gcc/avr/15.1.0/avr5\libgcc.a(_divmodsi4.o)
 .data          0x00800076        0x0 C:/avr8-gnu-toolchain-win32_x86_64/bin/../lib/gcc/avr/15.1.0/avr5\libgcc.a(_negsi2.o)
 .data          0x00800076        0x0 C:/avr8-gnu-toolchain-win32_x86_64/bin/../lib/gcc/avr/15.1.0/avr5\libgcc.a(_exit.o)
 .data          0x00800076        0x0 C:/avr8-gnu-toolchain-win32_x86_64/bin/../lib/gcc/avr/15.1.0/avr5\libgcc.a(_copy_data.o)
 .data          0x00800076        0x0 C:/avr8-gnu-toolchain-win32_x86_64/bin/../lib/gcc/avr/15.1.0/avr5\libgcc.a(_clear_bss.o)
 .data          0x00800076        0x0 C:/avr8-gnu-toolchain-win32_x86_64/bin/../lib/gcc/avr/15.1.0/avr5\libgcc.a(_udivmodsi4.o)
 .data          0x00800076        0x0 C:/avr8-gnu-toolchain-win32_x86_64/bin/../lib/gcc/avr/15.1.0/../../../../avr/lib/avr5\libm.a(divsf3.o)
 .data          0x00800076        0x0 C:/avr8-gnu-toolchain-win32_x86_64/bin/../lib/gcc/avr/15.1.0/../../../../avr/lib/avr5\libm.a(divsf3x.o)
 .data          0x00800076        0x0 C:/avr8-gnu-toolchain-win32_x86_64/bin/../lib/gcc/avr/15.1.0/../../../../avr/lib/avr5\libm.a(fixunssfsi.o)
 .data          0x00800076        0x0 C:/avr8-gnu-toolchain-win32_x86_64/bin/../lib/gcc/avr/15.1.0/../../../../avr/lib/avr5\libm.a(floatsisf.o)
 .data          0x00800076        0x0 C:/avr8-gnu-toolchain-win32_x86_64/bin/../lib/gcc/avr/15.1.0/../../../../avr/lib/avr5\libm.a(fp_inf.o)
 .data          0x00800076        0x0 C:/avr8-gnu-toolchain-win32_x86_64/bin/../lib/gcc/avr/15.1.0/../../../../avr/lib/avr5\libm.a(fp_nan.o)
 .data          0x00800076        0x0 C:/avr8-gnu-toolchain-win32_x86_64/bin/../lib/gcc/avr/15.1.0/../../../../avr/lib/avr5\libm.a(fp_pscA.o)
 .data          0x00800076        0x0 C:/avr8-gnu-toolchain-win32_x86_64/bin/../lib/gcc/avr/15.1.0/../../../../avr/lib/avr5\libm.a(fp_pscB.o)
 .data          0x00800076        0x0 C:/avr8-gnu-toolchain-win32_x86_64/bin/../lib/gcc/avr/15.1.0/../../../../avr/lib/avr5\libm.a(fp_round.o)
 .data          0x00800076        0x0 C:/avr8-gnu-toolchain-win32_x86_64/bin/../lib/gcc/avr/15.1.0/../../../../avr/lib/avr5\libm.a(fp_split3.o)
 .data          0x00800076        0x0 C:/avr8-gnu-toolchain-win32_x86_64/bin/../lib/gcc/avr/15.1.0/../../../../avr/lib/avr5\libm.a(fp_zero.o)
 *(.data*)
 *(.gnu.linkonce.d*)
 *(.rodata)
 *(.rodata*)
 .rodata.str1.1
                0x00800076       0x6c C:\Users\HP\Desktop\NTI Training\pls\release\App\statemachine_Program.c.o
 *(.gnu.linkonce.r*)
                0x008000e2                        . = ALIGN (0x2)
                0x008000e2                        _edata = .
                0x008000e2                        PROVIDE (__data_end = .)

.bss            0x008000e2       0x11
                0x008000e2                        PROVIDE (__bss_start = .)
 *(.bss)
 .bss           0x008000e2        0x0 C:/avr8-gnu-toolchain-win32_x86_64/bin/../lib/gcc/avr/15.1.0/../../../../avr/lib/avr5/crtatmega32.o
 .bss           0x008000e2        0x0 C:\Users\HP\Desktop\NTI Training\pls\release\App\main.c.o
 .bss           0x008000e2        0x7 C:\Users\HP\Desktop\NTI Training\pls\release\App\statemachine_Program.c.o
                0x008000e2                System_State
                0x008000e3                Control_Mode
 .bss           0x008000e9        0x0 C:\Users\HP\Desktop\NTI Training\pls\release\HAL\BTN_EXTI\BTN_EXTI_Program.c.o
 .bss           0x008000e9        0x0 C:\Users\HP\Desktop\NTI Training\pls\release\HAL\Button\BTN_Program.c.o
 .bss           0x008000e9        0x0 C:\Users\HP\Desktop\NTI Training\pls\release\HAL\DHT22\DHT_Program.c.o
 .bss           0x008000e9        0x0 C:\Users\HP\Desktop\NTI Training\pls\release\HAL\Keypad\Keypad_Program.c.o
 .bss           0x008000e9        0x0 C:\Users\HP\Desktop\NTI Training\pls\release\HAL\LCD\LCD_Program.c.o
 .bss           0x008000e9        0x0 C:\Users\HP\Desktop\NTI Training\pls\release\HAL\LED\LED_Program.c.o
 .bss           0x008000e9        0x0 C:\Users\HP\Desktop\NTI Training\pls\release\HAL\Relay\RELAY_Program.c.o
 .bss           0x008000e9        0x0 C:\Users\HP\Desktop\NTI Training\pls\release\MCAL\ADC\ADC_Program.c.o
 .bss           0x008000e9        0x0 C:\Users\HP\Desktop\NTI Training\pls\release\MCAL\DIO\DIO_Program.c.o
 .bss           0x008000e9        0x6 C:\Users\HP\Desktop\NTI Training\pls\release\MCAL\EXTI\EXTI_Program.c.o
 .bss           0x008000ef        0x0 C:\Users\HP\Desktop\NTI Training\pls\release\MCAL\GIE\GIE_Program.c.o
 .bss           0x008000ef        0x4 C:\Users\HP\Desktop\NTI Training\pls\release\MCAL\TIMER0\TIMER0_Program.c.o
 .bss           0x008000f3        0x0 C:/avr8-gnu-toolchain-win32_x86_64/bin/../lib/gcc/avr/15.1.0/avr5\libgcc.a(_divmodsi4.o)
 .bss           0x008000f3        0x0 C:/avr8-gnu-toolchain-win32_x86_64/bin/../lib/gcc/avr/15.1.0/avr5\libgcc.a(_negsi2.o)
 .bss           0x008000f3        0x0 C:/avr8-gnu-toolchain-win32_x86_64/bin/../lib/gcc/avr/15.1.0/avr5\libgcc.a(_exit.o)
 .bss           0x008000f3        0x0 C:/avr8-gnu-toolchain-win32_x86_64/bin/../lib/gcc/avr/15.1.0/avr5\libgcc.a(_copy_data.o)
 .bss           0x008000f3        0x0 C:/avr8-gnu-toolchain-win32_x86_64/bin/../lib/gcc/avr/15.1.0/avr5\libgcc.a(_clear_bss.o)
 .bss           0x008000f3        0x0 C:/avr8-gnu-toolchain-win32_x86_64/bin/../lib/gcc/avr/15.1.0/avr5\libgcc.a(_udivmodsi4.o)
 .bss           0x008000f3        0x0 C:/avr8-gnu-toolchain-win32_x86_64/bin/../lib/gcc/avr/15.1.0/../../../../avr/lib/avr5\libm.a(divsf3.o)
 .bss           0x008000f3        0x0 C:/avr8-gnu-toolchain-win32_x86_64/bin/../lib/gcc/avr/15.1.0/../../../../avr/lib/avr5\libm.a(divsf3x.o)
 .bss           0x008000f3        0x0 C:/avr8-gnu-toolchain-win32_x86_64/bin/../lib/gcc/avr/15.1.0/../../../../avr/lib/avr5\libm.a(fixunssfsi.o)
 .bss           0x008000f3        0x0 C:/avr8-gnu-toolchain-win32_x86_64/bin/../lib/gcc/avr/15.1.0/../../../../avr/lib/avr5\libm.a(floatsisf.o)
 .bss           0x008000f3        0x0 C:/avr8-gnu-toolchain-win32_x86_64/bin/../lib/gcc/avr/15.1.0/../../../../avr/lib/avr5\libm.a(fp_inf.o)
 .bss           0x008000f3        0x0 C:/avr8-gnu-toolchain-win32_x86_64/bin/../lib/gcc/avr/15.1.0/../../../../avr/lib/avr5\libm.a(fp_nan.o)
 .bss           0x008000f3        0x0 C:/avr8-gnu-toolchain-win32_x86_64/bin/../lib/gcc/avr/15.1.0/../../../../avr/lib/avr5\libm.a(fp_pscA.o)
 .bss           0x008000f3        0x0 C:/avr8-gnu-toolchain-win32_x86_64/bin/../lib/gcc/avr/15.1.0/../../../../avr/lib/avr5\libm.a(fp_pscB.o)
 .bss           0x008000f3        0x0 C:/avr8-gnu-toolchain-win32_x86_64/bin/../lib/gcc/avr/15.1.0/../../../../avr/lib/avr5\libm.a(fp_round.o)
 .bss           0x008000f3        0x0 C:/avr8-gnu-toolchain-win32_x86_64/bin/../lib/gcc/avr/15.1.0/../../../../avr/lib/avr5\libm.a(fp_split3.o)
 .bss           0x008000f3        0x0 C:/avr8-gnu-toolchain-win32_x86_64/bin/../lib/gcc/avr/15.1.0/../../../../avr/lib/avr5\libm.a(fp_zero.o)
 *(.bss*)
 *(COMMON)
                0x008000f3                        PROVIDE (__bss_end = .)
                0x00001984                        __data_load_start = LOADADDR (.data)
                0x00001a06                        __data_load_end = (__data_load_start + SIZEOF (.data))

.noinit         0x008000f3        0x0
                [!provide]                        PROVIDE (__noinit_start = .)
 *(.noinit .noinit.* .gnu.linkonce.n.*)
                [!provide]                        PROVIDE (__noinit_end = .)
                0x008000f3                        _end = .
                [!provide]                        PROVIDE (__heap_start = .)
                0x00000000                        __flmap_init_label = DEFINED (__flmap_noinit_start)?__flmap_noinit_start:0x0
                0x00000000                        __flmap = DEFINED (__flmap)?__flmap:0x0

.eeprom         0x00810000        0x0
 *(.eeprom*)
                0x00810000                        __eeprom_end = .

.fuse
 *(.fuse)
 *(.lfuse)
 *(.hfuse)
 *(.efuse)

.lock
 *(.lock*)

.signature
 *(.signature*)

.stab
 *(.stab)

.stabstr
 *(.stabstr)

.stab.excl
 *(.stab.excl)

.stab.exclstr
 *(.stab.exclstr)

.stab.index
 *(.stab.index)

.stab.indexstr
 *(.stab.indexstr)

.comment        0x00000000       0x2f
 *(.comment)
 .comment       0x00000000       0x2f C:\Users\HP\Desktop\NTI Training\pls\release\App\main.c.o
                                 0x30 (size before relaxing)
 .comment       0x0000002f       0x30 C:\Users\HP\Desktop\NTI Training\pls\release\App\statemachine_Program.c.o
 .comment       0x0000002f       0x30 C:\Users\HP\Desktop\NTI Training\pls\release\HAL\BTN_EXTI\BTN_EXTI_Program.c.o
 .comment       0x0000002f       0x30 C:\Users\HP\Desktop\NTI Training\pls\release\HAL\Button\BTN_Program.c.o
 .comment       0x0000002f       0x30 C:\Users\HP\Desktop\NTI Training\pls\release\HAL\DHT22\DHT_Program.c.o
 .comment       0x0000002f       0x30 C:\Users\HP\Desktop\NTI Training\pls\release\HAL\Keypad\Keypad_Program.c.o
 .comment       0x0000002f       0x30 C:\Users\HP\Desktop\NTI Training\pls\release\HAL\LCD\LCD_Program.c.o
 .comment       0x0000002f       0x30 C:\Users\HP\Desktop\NTI Training\pls\release\HAL\LED\LED_Program.c.o
 .comment       0x0000002f       0x30 C:\Users\HP\Desktop\NTI Training\pls\release\HAL\Relay\RELAY_Program.c.o
 .comment       0x0000002f       0x30 C:\Users\HP\Desktop\NTI Training\pls\release\MCAL\ADC\ADC_Program.c.o
 .comment       0x0000002f       0x30 C:\Users\HP\Desktop\NTI Training\pls\release\MCAL\DIO\DIO_Program.c.o
 .comment       0x0000002f       0x30 C:\Users\HP\Desktop\NTI Training\pls\release\MCAL\EXTI\EXTI_Program.c.o
 .comment       0x0000002f       0x30 C:\Users\HP\Desktop\NTI Training\pls\release\MCAL\GIE\GIE_Program.c.o
 .comment       0x0000002f       0x30 C:\Users\HP\Desktop\NTI Training\pls\release\MCAL\TIMER0\TIMER0_Program.c.o

.note.gnu.avr.deviceinfo
                0x00000000       0x3c
 .note.gnu.avr.deviceinfo
                0x00000000       0x3c C:/avr8-gnu-toolchain-win32_x86_64/bin/../lib/gcc/avr/15.1.0/../../../../avr/lib/avr5/crtatmega32.o

.gnu.build.attributes
 *(.gnu.build.attributes .gnu.build.attributes.*)

.note.gnu.build-id
 *(.note.gnu.build-id)

.debug
 *(.debug)

.line
 *(.line)

.debug_srcinfo
 *(.debug_srcinfo)

.debug_sfnames
 *(.debug_sfnames)

.debug_aranges
 *(.debug_aranges)

.debug_pubnames
 *(.debug_pubnames)

.debug_info     0x00000000      0x4e6
 *(.debug_info .gnu.linkonce.wi.*)
 .debug_info    0x00000000      0x4e6 C:/avr8-gnu-toolchain-win32_x86_64/bin/../lib/gcc/avr/15.1.0/../../../../avr/lib/avr5/crtatmega32.o

.debug_abbrev   0x00000000      0x4a3
 *(.debug_abbrev)
 .debug_abbrev  0x00000000      0x4a3 C:/avr8-gnu-toolchain-win32_x86_64/bin/../lib/gcc/avr/15.1.0/../../../../avr/lib/avr5/crtatmega32.o

.debug_line     0x00000000       0x1d
 *(.debug_line .debug_line.* .debug_line_end)
 .debug_line    0x00000000       0x1d C:/avr8-gnu-toolchain-win32_x86_64/bin/../lib/gcc/avr/15.1.0/../../../../avr/lib/avr5/crtatmega32.o

.debug_frame
 *(.debug_frame)

.debug_str      0x00000000      0x196
 *(.debug_str)
 .debug_str     0x00000000      0x196 C:/avr8-gnu-toolchain-win32_x86_64/bin/../lib/gcc/avr/15.1.0/../../../../avr/lib/avr5/crtatmega32.o

.debug_loc
 *(.debug_loc)

.debug_macinfo
 *(.debug_macinfo)

.debug_weaknames
 *(.debug_weaknames)

.debug_funcnames
 *(.debug_funcnames)

.debug_typenames
 *(.debug_typenames)

.debug_varnames
 *(.debug_varnames)

.debug_pubtypes
 *(.debug_pubtypes)

.debug_ranges
 *(.debug_ranges)

.debug_addr
 *(.debug_addr)

.debug_line_str
 *(.debug_line_str)

.debug_loclists
 *(.debug_loclists)

.debug_macro
 *(.debug_macro)

.debug_names
 *(.debug_names)

.debug_rnglists
 *(.debug_rnglists)

.debug_str_offsets
 *(.debug_str_offsets)

.debug_sup
 *(.debug_sup)
OUTPUT(C:\Users\HP\Desktop\NTI Training\pls\release\Firmware.elf elf32-avr)
LOAD linker stubs
