Archive member included to satisfy reference by file (symbol)

C:/avr8-gnu-toolchain-win32_x86_64/bin/../lib/gcc/avr/15.1.0/avr5\libgcc.a(_exit.o)
                              C:/avr8-gnu-toolchain-win32_x86_64/bin/../lib/gcc/avr/15.1.0/../../../../avr/lib/avr5/crtatmega32.o (exit)
C:/avr8-gnu-toolchain-win32_x86_64/bin/../lib/gcc/avr/15.1.0/avr5\libgcc.a(_copy_data.o)
                              C:\Users\HP\Desktop\NTI Training\pls\debug\HAL\Keypad\Keypad_Program.c.o (__do_copy_data)
C:/avr8-gnu-toolchain-win32_x86_64/bin/../lib/gcc/avr/15.1.0/avr5\libgcc.a(_clear_bss.o)
                              C:\Users\HP\Desktop\NTI Training\pls\debug\MCAL\EXTI\EXTI_Program.c.o (__do_clear_bss)

There are no discarded input sections

Memory Configuration

Name             Origin             Length             Attributes
text             0x00000000         0x00008000         xr
data             0x00800060         0x00000800         rw!x
eeprom           0x00810000         0x00000400         rw!x
fuse             0x00820000         0x00000002         rw!x
lock             0x00830000         0x00000400         rw!x
signature        0x00840000         0x00000400         rw!x
user_signatures  0x00850000         0x00000400         rw!x
*default*        0x00000000         0xffffffff

Linker script and memory map

LOAD C:/avr8-gnu-toolchain-win32_x86_64/bin/../lib/gcc/avr/15.1.0/../../../../avr/lib/avr5/crtatmega32.o
LOAD C:\Users\HP\Desktop\NTI Training\pls\debug\App\main.c.o
LOAD C:\Users\HP\Desktop\NTI Training\pls\debug\App\statemachine_Program.c.o
LOAD C:\Users\HP\Desktop\NTI Training\pls\debug\HAL\BTN_EXTI\BTN_EXTI_Program.c.o
LOAD C:\Users\HP\Desktop\NTI Training\pls\debug\HAL\Button\BTN_Program.c.o
LOAD C:\Users\HP\Desktop\NTI Training\pls\debug\HAL\Keypad\Keypad_Program.c.o
LOAD C:\Users\HP\Desktop\NTI Training\pls\debug\HAL\LCD\LCD_Program.c.o
LOAD C:\Users\HP\Desktop\NTI Training\pls\debug\HAL\LED\LED_Program.c.o
LOAD C:\Users\HP\Desktop\NTI Training\pls\debug\HAL\Relay\RELAY_Program.c.o
LOAD C:\Users\HP\Desktop\NTI Training\pls\debug\MCAL\ADC\ADC_Program.c.o
LOAD C:\Users\HP\Desktop\NTI Training\pls\debug\MCAL\DIO\DIO_Program.c.o
LOAD C:\Users\HP\Desktop\NTI Training\pls\debug\MCAL\EXTI\EXTI_Program.c.o
LOAD C:\Users\HP\Desktop\NTI Training\pls\debug\MCAL\GIE\GIE_Program.c.o
LOAD C:\Users\HP\Desktop\NTI Training\pls\debug\MCAL\TIMER0\TIMER0_Program.c.o
START GROUP
LOAD C:/avr8-gnu-toolchain-win32_x86_64/bin/../lib/gcc/avr/15.1.0/avr5\libgcc.a
LOAD C:/avr8-gnu-toolchain-win32_x86_64/bin/../lib/gcc/avr/15.1.0/../../../../avr/lib/avr5\libm.a
LOAD C:/avr8-gnu-toolchain-win32_x86_64/bin/../lib/gcc/avr/15.1.0/../../../../avr/lib/avr5\libc.a
LOAD C:/avr8-gnu-toolchain-win32_x86_64/bin/../lib/gcc/avr/15.1.0/../../../../avr/lib/avr5\libatmega32.a
END GROUP
                [0x00000000]                      __TEXT_REGION_ORIGIN__ = DEFINED (__TEXT_REGION_ORIGIN__)?__TEXT_REGION_ORIGIN__:0x0
                [0x00008000]                      __TEXT_REGION_LENGTH__ = DEFINED (__TEXT_REGION_LENGTH__)?__TEXT_REGION_LENGTH__:0x20000
                [0x00800060]                      __DATA_REGION_ORIGIN__ = DEFINED (__DATA_REGION_ORIGIN__)?__DATA_REGION_ORIGIN__:0x800060
                [0x00000800]                      __DATA_REGION_LENGTH__ = DEFINED (__DATA_REGION_LENGTH__)?__DATA_REGION_LENGTH__:0xffa0
                [0x00000400]                      __EEPROM_REGION_LENGTH__ = DEFINED (__EEPROM_REGION_LENGTH__)?__EEPROM_REGION_LENGTH__:0x10000
                [0x00000002]                      __FUSE_REGION_LENGTH__ = DEFINED (__FUSE_REGION_LENGTH__)?__FUSE_REGION_LENGTH__:0x400
                0x00000400                        __LOCK_REGION_LENGTH__ = DEFINED (__LOCK_REGION_LENGTH__)?__LOCK_REGION_LENGTH__:0x400
                0x00000400                        __SIGNATURE_REGION_LENGTH__ = DEFINED (__SIGNATURE_REGION_LENGTH__)?__SIGNATURE_REGION_LENGTH__:0x400
                0x00000400                        __USER_SIGNATURE_REGION_LENGTH__ = DEFINED (__USER_SIGNATURE_REGION_LENGTH__)?__USER_SIGNATURE_REGION_LENGTH__:0x400

.hash
 *(.hash)

.dynsym
 *(.dynsym)

.dynstr
 *(.dynstr)

.gnu.version
 *(.gnu.version)

.gnu.version_d
 *(.gnu.version_d)

.gnu.version_r
 *(.gnu.version_r)

.rel.init
 *(.rel.init)

.rela.init
 *(.rela.init)

.rel.text
 *(.rel.text)
 *(.rel.text.*)
 *(.rel.gnu.linkonce.t*)

.rela.text
 *(.rela.text)
 *(.rela.text.*)
 *(.rela.gnu.linkonce.t*)

.rel.fini
 *(.rel.fini)

.rela.fini
 *(.rela.fini)

.rel.rodata
 *(.rel.rodata)
 *(.rel.rodata.*)
 *(.rel.gnu.linkonce.r*)

.rela.rodata
 *(.rela.rodata)
 *(.rela.rodata.*)
 *(.rela.gnu.linkonce.r*)

.rel.data
 *(.rel.data)
 *(.rel.data.*)
 *(.rel.gnu.linkonce.d*)

.rela.data
 *(.rela.data)
 *(.rela.data.*)
 *(.rela.gnu.linkonce.d*)

.rel.ctors
 *(.rel.ctors)

.rela.ctors
 *(.rela.ctors)

.rel.dtors
 *(.rel.dtors)

.rela.dtors
 *(.rela.dtors)

.rel.got
 *(.rel.got)

.rela.got
 *(.rela.got)

.rel.bss
 *(.rel.bss)

.rela.bss
 *(.rela.bss)

.rel.plt
 *(.rel.plt)

.rela.plt
 *(.rela.plt)

.text           0x00000000      0xf30
 *(.vectors)
 .vectors       0x00000000       0x54 C:/avr8-gnu-toolchain-win32_x86_64/bin/../lib/gcc/avr/15.1.0/../../../../avr/lib/avr5/crtatmega32.o
                0x00000000                __vector_default
                0x00000000                __vectors
 *(.vectors)
 *(.progmem.gcc*)
                0x00000054                        . = ALIGN (0x2)
                0x00000054                        __trampolines_start = .
 *(.trampolines)
 .trampolines   0x00000054        0x0 linker stubs
 *(.trampolines*)
                0x00000054                        __trampolines_end = .
 *libprintf_flt.a:*(.progmem.data)
 *libc.a:*(.progmem.data)
 *(.progmem.*)
                0x00000054                        . = ALIGN (0x2)
 *(.lowtext)
 *(.lowtext*)
                0x00000054                        __ctors_start = .
 *(.ctors)
                0x00000054                        __ctors_end = .
                0x00000054                        __dtors_start = .
 *(.dtors)
                0x00000054                        __dtors_end = .
 SORT_BY_NAME(*)(.ctors)
 SORT_BY_NAME(*)(.dtors)
 *(.init0)
 .init0         0x00000054        0x0 C:/avr8-gnu-toolchain-win32_x86_64/bin/../lib/gcc/avr/15.1.0/../../../../avr/lib/avr5/crtatmega32.o
                0x00000054                __init
 *(.init0)
 *(.init1)
 *(.init1)
 *(.init2)
 .init2         0x00000054        0xc C:/avr8-gnu-toolchain-win32_x86_64/bin/../lib/gcc/avr/15.1.0/../../../../avr/lib/avr5/crtatmega32.o
 *(.init2)
 *(.init3)
 *(.init3)
 *(.init4)
 .init4         0x00000060       0x16 C:/avr8-gnu-toolchain-win32_x86_64/bin/../lib/gcc/avr/15.1.0/avr5\libgcc.a(_copy_data.o)
                0x00000060                __do_copy_data
 .init4         0x00000076       0x10 C:/avr8-gnu-toolchain-win32_x86_64/bin/../lib/gcc/avr/15.1.0/avr5\libgcc.a(_clear_bss.o)
                0x00000076                __do_clear_bss
 *(.init4)
 *(.init5)
 *(.init5)
 *(.init6)
 *(.init6)
 *(.init7)
 *(.init7)
 *(.init8)
 *(.init8)
 *(.init9)
 .init9         0x00000086        0x8 C:/avr8-gnu-toolchain-win32_x86_64/bin/../lib/gcc/avr/15.1.0/../../../../avr/lib/avr5/crtatmega32.o
 *(.init9)
 *(.text)
 .text          0x0000008e        0x4 C:/avr8-gnu-toolchain-win32_x86_64/bin/../lib/gcc/avr/15.1.0/../../../../avr/lib/avr5/crtatmega32.o
                0x0000008e                __vector_12
                0x0000008e                __bad_interrupt
                0x0000008e                __vector_6
                0x0000008e                __vector_13
                0x0000008e                __vector_17
                0x0000008e                __vector_19
                0x0000008e                __vector_7
                0x0000008e                __vector_5
                0x0000008e                __vector_4
                0x0000008e                __vector_9
                0x0000008e                __vector_15
                0x0000008e                __vector_8
                0x0000008e                __vector_14
                0x0000008e                __vector_16
                0x0000008e                __vector_18
                0x0000008e                __vector_20
 .text          0x00000092       0x56 C:\Users\HP\Desktop\NTI Training\pls\debug\App\main.c.o
                0x00000092                WaterPump_Init
                0x0000009c                WaterPump_Toggle
                0x000000a6                main
 .text          0x000000e8        0x0 C:\Users\HP\Desktop\NTI Training\pls\debug\App\statemachine_Program.c.o
 .text          0x000000e8       0xac C:\Users\HP\Desktop\NTI Training\pls\debug\HAL\BTN_EXTI\BTN_EXTI_Program.c.o
                0x000000e8                BTNEXTI_Init
                0x00000160                BTNEXTI_SetCallBack
 .text          0x00000194       0x2e C:\Users\HP\Desktop\NTI Training\pls\debug\HAL\Button\BTN_Program.c.o
                0x00000194                BTN_Init
                0x000001bc                BTN_IsPressed
 .text          0x000001c2      0x134 C:\Users\HP\Desktop\NTI Training\pls\debug\HAL\Keypad\Keypad_Program.c.o
                0x000001c2                Keypad_Init
                0x00000250                Keypad_GetButton
 .text          0x000002f6      0x40a C:\Users\HP\Desktop\NTI Training\pls\debug\HAL\LCD\LCD_Program.c.o
                0x000002f6                LCD_WriteData
                0x000003bc                LCD_WriteInstruction
                0x00000482                LCD_Init
                0x000005e6                LCD_WriteString
                0x0000062c                LCD_GotoXY
                0x00000652                LCD_Clear
                0x00000668                LCD_WriteNumber
 .text          0x00000700       0x3a C:\Users\HP\Desktop\NTI Training\pls\debug\HAL\LED\LED_Program.c.o
                0x00000700                LED_Init
                0x00000708                LED_On
                0x0000071c                LED_Off
                0x00000734                LED_Toggle
 .text          0x0000073a       0x3e C:\Users\HP\Desktop\NTI Training\pls\debug\HAL\Relay\RELAY_Program.c.o
                0x0000073a                Relay_Init
                0x00000762                Relay_TurnOn
                0x0000076a                Relay_TurnOff
                0x00000772                Relay_Toggle
 .text          0x00000778       0xd8 C:\Users\HP\Desktop\NTI Training\pls\debug\MCAL\ADC\ADC_Program.c.o
                0x00000778                ADC_Init
                0x00000824                ADC_StartConversion
                0x00000834                ADC_GetValue
 .text          0x00000850      0x2ee C:\Users\HP\Desktop\NTI Training\pls\debug\MCAL\DIO\DIO_Program.c.o
                0x00000850                DIO_SetPinDirection
                0x00000940                DIO_SetGroupDirection
                0x00000964                DIO_SetPinValue
                0x00000a42                DIO_SetGroupValue
                0x00000a66                DIO_ReadPin
                0x00000ad6                DIO_TogglePin
 .text          0x00000b3e      0x222 C:\Users\HP\Desktop\NTI Training\pls\debug\MCAL\EXTI\EXTI_Program.c.o
                0x00000b3e                EXTI_Init
                0x00000bee                EXTI_Enable
                0x00000c12                EXTI_Disable
                0x00000c36                EXTI_CallBack
                0x00000c6a                __vector_1
                0x00000cbc                __vector_2
                0x00000d0e                __vector_3
 .text          0x00000d60       0x10 C:\Users\HP\Desktop\NTI Training\pls\debug\MCAL\GIE\GIE_Program.c.o
                0x00000d60                GIE_Enable
                0x00000d68                GIE_Disable
 .text          0x00000d70      0x1bc C:\Users\HP\Desktop\NTI Training\pls\debug\MCAL\TIMER0\TIMER0_Program.c.o
                0x00000d70                TIMER0_Init
                0x00000e4c                TIMER0_Start
                0x00000e5a                TIMER0_Stop
                0x00000e62                TIMER0_CallBack
                0x00000e88                __vector_10
                0x00000eda                __vector_11
 .text          0x00000f2c        0x0 C:/avr8-gnu-toolchain-win32_x86_64/bin/../lib/gcc/avr/15.1.0/avr5\libgcc.a(_exit.o)
 .text          0x00000f2c        0x0 C:/avr8-gnu-toolchain-win32_x86_64/bin/../lib/gcc/avr/15.1.0/avr5\libgcc.a(_copy_data.o)
 .text          0x00000f2c        0x0 C:/avr8-gnu-toolchain-win32_x86_64/bin/../lib/gcc/avr/15.1.0/avr5\libgcc.a(_clear_bss.o)
                0x00000f2c                        . = ALIGN (0x2)
 *(.text.*)
 .text.libgcc.mul
                0x00000f2c        0x0 C:/avr8-gnu-toolchain-win32_x86_64/bin/../lib/gcc/avr/15.1.0/avr5\libgcc.a(_exit.o)
 .text.libgcc.div
                0x00000f2c        0x0 C:/avr8-gnu-toolchain-win32_x86_64/bin/../lib/gcc/avr/15.1.0/avr5\libgcc.a(_exit.o)
 .text.libgcc   0x00000f2c        0x0 C:/avr8-gnu-toolchain-win32_x86_64/bin/../lib/gcc/avr/15.1.0/avr5\libgcc.a(_exit.o)
 .text.libgcc.prologue
                0x00000f2c        0x0 C:/avr8-gnu-toolchain-win32_x86_64/bin/../lib/gcc/avr/15.1.0/avr5\libgcc.a(_exit.o)
 .text.libgcc.builtins
                0x00000f2c        0x0 C:/avr8-gnu-toolchain-win32_x86_64/bin/../lib/gcc/avr/15.1.0/avr5\libgcc.a(_exit.o)
 .text.libgcc.fmul
                0x00000f2c        0x0 C:/avr8-gnu-toolchain-win32_x86_64/bin/../lib/gcc/avr/15.1.0/avr5\libgcc.a(_exit.o)
 .text.libgcc.fixed
                0x00000f2c        0x0 C:/avr8-gnu-toolchain-win32_x86_64/bin/../lib/gcc/avr/15.1.0/avr5\libgcc.a(_exit.o)
 .text.libgcc.mul
                0x00000f2c        0x0 C:/avr8-gnu-toolchain-win32_x86_64/bin/../lib/gcc/avr/15.1.0/avr5\libgcc.a(_copy_data.o)
 .text.libgcc.div
                0x00000f2c        0x0 C:/avr8-gnu-toolchain-win32_x86_64/bin/../lib/gcc/avr/15.1.0/avr5\libgcc.a(_copy_data.o)
 .text.libgcc   0x00000f2c        0x0 C:/avr8-gnu-toolchain-win32_x86_64/bin/../lib/gcc/avr/15.1.0/avr5\libgcc.a(_copy_data.o)
 .text.libgcc.prologue
                0x00000f2c        0x0 C:/avr8-gnu-toolchain-win32_x86_64/bin/../lib/gcc/avr/15.1.0/avr5\libgcc.a(_copy_data.o)
 .text.libgcc.builtins
                0x00000f2c        0x0 C:/avr8-gnu-toolchain-win32_x86_64/bin/../lib/gcc/avr/15.1.0/avr5\libgcc.a(_copy_data.o)
 .text.libgcc.fmul
                0x00000f2c        0x0 C:/avr8-gnu-toolchain-win32_x86_64/bin/../lib/gcc/avr/15.1.0/avr5\libgcc.a(_copy_data.o)
 .text.libgcc.fixed
                0x00000f2c        0x0 C:/avr8-gnu-toolchain-win32_x86_64/bin/../lib/gcc/avr/15.1.0/avr5\libgcc.a(_copy_data.o)
 .text.libgcc.mul
                0x00000f2c        0x0 C:/avr8-gnu-toolchain-win32_x86_64/bin/../lib/gcc/avr/15.1.0/avr5\libgcc.a(_clear_bss.o)
 .text.libgcc.div
                0x00000f2c        0x0 C:/avr8-gnu-toolchain-win32_x86_64/bin/../lib/gcc/avr/15.1.0/avr5\libgcc.a(_clear_bss.o)
 .text.libgcc   0x00000f2c        0x0 C:/avr8-gnu-toolchain-win32_x86_64/bin/../lib/gcc/avr/15.1.0/avr5\libgcc.a(_clear_bss.o)
 .text.libgcc.prologue
                0x00000f2c        0x0 C:/avr8-gnu-toolchain-win32_x86_64/bin/../lib/gcc/avr/15.1.0/avr5\libgcc.a(_clear_bss.o)
 .text.libgcc.builtins
                0x00000f2c        0x0 C:/avr8-gnu-toolchain-win32_x86_64/bin/../lib/gcc/avr/15.1.0/avr5\libgcc.a(_clear_bss.o)
 .text.libgcc.fmul
                0x00000f2c        0x0 C:/avr8-gnu-toolchain-win32_x86_64/bin/../lib/gcc/avr/15.1.0/avr5\libgcc.a(_clear_bss.o)
 .text.libgcc.fixed
                0x00000f2c        0x0 C:/avr8-gnu-toolchain-win32_x86_64/bin/../lib/gcc/avr/15.1.0/avr5\libgcc.a(_clear_bss.o)
                0x00000f2c                        . = ALIGN (0x2)
 *(.fini9)
 .fini9         0x00000f2c        0x0 C:/avr8-gnu-toolchain-win32_x86_64/bin/../lib/gcc/avr/15.1.0/avr5\libgcc.a(_exit.o)
                0x00000f2c                _exit
                0x00000f2c                exit
 *(.fini9)
 *(.fini8)
 *(.fini8)
 *(.fini7)
 *(.fini7)
 *(.fini6)
 *(.fini6)
 *(.fini5)
 *(.fini5)
 *(.fini4)
 *(.fini4)
 *(.fini3)
 *(.fini3)
 *(.fini2)
 *(.fini2)
 *(.fini1)
 *(.fini1)
 *(.fini0)
 .fini0         0x00000f2c        0x4 C:/avr8-gnu-toolchain-win32_x86_64/bin/../lib/gcc/avr/15.1.0/avr5\libgcc.a(_exit.o)
 *(.fini0)
 *(.hightext)
 *(.hightext*)
 *(.progmemx.*)
                0x00000f30                        . = ALIGN (0x2)
 *(.jumptables)
 *(.jumptables*)
                0x00000f30                        _etext = .

.data           0x00800060        0xc load address 0x00000f30
                0x00800060                        PROVIDE (__data_start = .)
 *(.data)
 .data          0x00800060        0x0 C:/avr8-gnu-toolchain-win32_x86_64/bin/../lib/gcc/avr/15.1.0/../../../../avr/lib/avr5/crtatmega32.o
 .data          0x00800060        0x0 C:\Users\HP\Desktop\NTI Training\pls\debug\App\main.c.o
 .data          0x00800060        0x0 C:\Users\HP\Desktop\NTI Training\pls\debug\App\statemachine_Program.c.o
 .data          0x00800060        0x0 C:\Users\HP\Desktop\NTI Training\pls\debug\HAL\BTN_EXTI\BTN_EXTI_Program.c.o
 .data          0x00800060        0x0 C:\Users\HP\Desktop\NTI Training\pls\debug\HAL\Button\BTN_Program.c.o
 .data          0x00800060        0xc C:\Users\HP\Desktop\NTI Training\pls\debug\HAL\Keypad\Keypad_Program.c.o
                0x00800060                KeypadValue
 .data          0x0080006c        0x0 C:\Users\HP\Desktop\NTI Training\pls\debug\HAL\LCD\LCD_Program.c.o
 .data          0x0080006c        0x0 C:\Users\HP\Desktop\NTI Training\pls\debug\HAL\LED\LED_Program.c.o
 .data          0x0080006c        0x0 C:\Users\HP\Desktop\NTI Training\pls\debug\HAL\Relay\RELAY_Program.c.o
 .data          0x0080006c        0x0 C:\Users\HP\Desktop\NTI Training\pls\debug\MCAL\ADC\ADC_Program.c.o
 .data          0x0080006c        0x0 C:\Users\HP\Desktop\NTI Training\pls\debug\MCAL\DIO\DIO_Program.c.o
 .data          0x0080006c        0x0 C:\Users\HP\Desktop\NTI Training\pls\debug\MCAL\EXTI\EXTI_Program.c.o
 .data          0x0080006c        0x0 C:\Users\HP\Desktop\NTI Training\pls\debug\MCAL\GIE\GIE_Program.c.o
 .data          0x0080006c        0x0 C:\Users\HP\Desktop\NTI Training\pls\debug\MCAL\TIMER0\TIMER0_Program.c.o
 .data          0x0080006c        0x0 C:/avr8-gnu-toolchain-win32_x86_64/bin/../lib/gcc/avr/15.1.0/avr5\libgcc.a(_exit.o)
 .data          0x0080006c        0x0 C:/avr8-gnu-toolchain-win32_x86_64/bin/../lib/gcc/avr/15.1.0/avr5\libgcc.a(_copy_data.o)
 .data          0x0080006c        0x0 C:/avr8-gnu-toolchain-win32_x86_64/bin/../lib/gcc/avr/15.1.0/avr5\libgcc.a(_clear_bss.o)
 *(.data*)
 *(.gnu.linkonce.d*)
 *(.rodata)
 *(.rodata*)
 *(.gnu.linkonce.r*)
                0x0080006c                        . = ALIGN (0x2)
                0x0080006c                        _edata = .
                0x0080006c                        PROVIDE (__data_end = .)

.bss            0x0080006c        0xb
                0x0080006c                        PROVIDE (__bss_start = .)
 *(.bss)
 .bss           0x0080006c        0x0 C:/avr8-gnu-toolchain-win32_x86_64/bin/../lib/gcc/avr/15.1.0/../../../../avr/lib/avr5/crtatmega32.o
 .bss           0x0080006c        0x0 C:\Users\HP\Desktop\NTI Training\pls\debug\App\main.c.o
 .bss           0x0080006c        0x0 C:\Users\HP\Desktop\NTI Training\pls\debug\App\statemachine_Program.c.o
 .bss           0x0080006c        0x0 C:\Users\HP\Desktop\NTI Training\pls\debug\HAL\BTN_EXTI\BTN_EXTI_Program.c.o
 .bss           0x0080006c        0x0 C:\Users\HP\Desktop\NTI Training\pls\debug\HAL\Button\BTN_Program.c.o
 .bss           0x0080006c        0x0 C:\Users\HP\Desktop\NTI Training\pls\debug\HAL\Keypad\Keypad_Program.c.o
 .bss           0x0080006c        0x0 C:\Users\HP\Desktop\NTI Training\pls\debug\HAL\LCD\LCD_Program.c.o
 .bss           0x0080006c        0x0 C:\Users\HP\Desktop\NTI Training\pls\debug\HAL\LED\LED_Program.c.o
 .bss           0x0080006c        0x0 C:\Users\HP\Desktop\NTI Training\pls\debug\HAL\Relay\RELAY_Program.c.o
 .bss           0x0080006c        0x0 C:\Users\HP\Desktop\NTI Training\pls\debug\MCAL\ADC\ADC_Program.c.o
 .bss           0x0080006c        0x0 C:\Users\HP\Desktop\NTI Training\pls\debug\MCAL\DIO\DIO_Program.c.o
 .bss           0x0080006c        0x6 C:\Users\HP\Desktop\NTI Training\pls\debug\MCAL\EXTI\EXTI_Program.c.o
 .bss           0x00800072        0x0 C:\Users\HP\Desktop\NTI Training\pls\debug\MCAL\GIE\GIE_Program.c.o
 .bss           0x00800072        0x5 C:\Users\HP\Desktop\NTI Training\pls\debug\MCAL\TIMER0\TIMER0_Program.c.o
 .bss           0x00800077        0x0 C:/avr8-gnu-toolchain-win32_x86_64/bin/../lib/gcc/avr/15.1.0/avr5\libgcc.a(_exit.o)
 .bss           0x00800077        0x0 C:/avr8-gnu-toolchain-win32_x86_64/bin/../lib/gcc/avr/15.1.0/avr5\libgcc.a(_copy_data.o)
 .bss           0x00800077        0x0 C:/avr8-gnu-toolchain-win32_x86_64/bin/../lib/gcc/avr/15.1.0/avr5\libgcc.a(_clear_bss.o)
 *(.bss*)
 *(COMMON)
                0x00800077                        PROVIDE (__bss_end = .)
                0x00000f30                        __data_load_start = LOADADDR (.data)
                0x00000f3c                        __data_load_end = (__data_load_start + SIZEOF (.data))

.noinit         0x00800077        0x0
                [!provide]                        PROVIDE (__noinit_start = .)
 *(.noinit .noinit.* .gnu.linkonce.n.*)
                [!provide]                        PROVIDE (__noinit_end = .)
                0x00800077                        _end = .
                [!provide]                        PROVIDE (__heap_start = .)
                0x00000000                        __flmap_init_label = DEFINED (__flmap_noinit_start)?__flmap_noinit_start:0x0
                0x00000000                        __flmap = DEFINED (__flmap)?__flmap:0x0

.eeprom         0x00810000        0x0
 *(.eeprom*)
                0x00810000                        __eeprom_end = .

.fuse
 *(.fuse)
 *(.lfuse)
 *(.hfuse)
 *(.efuse)

.lock
 *(.lock*)

.signature
 *(.signature*)

.stab
 *(.stab)

.stabstr
 *(.stabstr)

.stab.excl
 *(.stab.excl)

.stab.exclstr
 *(.stab.exclstr)

.stab.index
 *(.stab.index)

.stab.indexstr
 *(.stab.indexstr)

.comment        0x00000000       0x2f
 *(.comment)
 .comment       0x00000000       0x2f C:\Users\HP\Desktop\NTI Training\pls\debug\App\main.c.o
                                 0x30 (size before relaxing)
 .comment       0x0000002f       0x30 C:\Users\HP\Desktop\NTI Training\pls\debug\App\statemachine_Program.c.o
 .comment       0x0000002f       0x30 C:\Users\HP\Desktop\NTI Training\pls\debug\HAL\BTN_EXTI\BTN_EXTI_Program.c.o
 .comment       0x0000002f       0x30 C:\Users\HP\Desktop\NTI Training\pls\debug\HAL\Button\BTN_Program.c.o
 .comment       0x0000002f       0x30 C:\Users\HP\Desktop\NTI Training\pls\debug\HAL\Keypad\Keypad_Program.c.o
 .comment       0x0000002f       0x30 C:\Users\HP\Desktop\NTI Training\pls\debug\HAL\LCD\LCD_Program.c.o
 .comment       0x0000002f       0x30 C:\Users\HP\Desktop\NTI Training\pls\debug\HAL\LED\LED_Program.c.o
 .comment       0x0000002f       0x30 C:\Users\HP\Desktop\NTI Training\pls\debug\HAL\Relay\RELAY_Program.c.o
 .comment       0x0000002f       0x30 C:\Users\HP\Desktop\NTI Training\pls\debug\MCAL\ADC\ADC_Program.c.o
 .comment       0x0000002f       0x30 C:\Users\HP\Desktop\NTI Training\pls\debug\MCAL\DIO\DIO_Program.c.o
 .comment       0x0000002f       0x30 C:\Users\HP\Desktop\NTI Training\pls\debug\MCAL\EXTI\EXTI_Program.c.o
 .comment       0x0000002f       0x30 C:\Users\HP\Desktop\NTI Training\pls\debug\MCAL\GIE\GIE_Program.c.o
 .comment       0x0000002f       0x30 C:\Users\HP\Desktop\NTI Training\pls\debug\MCAL\TIMER0\TIMER0_Program.c.o

.note.gnu.avr.deviceinfo
                0x00000000       0x3c
 .note.gnu.avr.deviceinfo
                0x00000000       0x3c C:/avr8-gnu-toolchain-win32_x86_64/bin/../lib/gcc/avr/15.1.0/../../../../avr/lib/avr5/crtatmega32.o

.gnu.build.attributes
 *(.gnu.build.attributes .gnu.build.attributes.*)

.note.gnu.build-id
 *(.note.gnu.build-id)

.debug
 *(.debug)

.line
 *(.line)

.debug_srcinfo
 *(.debug_srcinfo)

.debug_sfnames
 *(.debug_sfnames)

.debug_aranges  0x00000000      0x180
 *(.debug_aranges)
 .debug_aranges
                0x00000000       0x20 C:\Users\HP\Desktop\NTI Training\pls\debug\App\main.c.o
 .debug_aranges
                0x00000020       0x20 C:\Users\HP\Desktop\NTI Training\pls\debug\HAL\BTN_EXTI\BTN_EXTI_Program.c.o
 .debug_aranges
                0x00000040       0x20 C:\Users\HP\Desktop\NTI Training\pls\debug\HAL\Button\BTN_Program.c.o
 .debug_aranges
                0x00000060       0x20 C:\Users\HP\Desktop\NTI Training\pls\debug\HAL\Keypad\Keypad_Program.c.o
 .debug_aranges
                0x00000080       0x20 C:\Users\HP\Desktop\NTI Training\pls\debug\HAL\LCD\LCD_Program.c.o
 .debug_aranges
                0x000000a0       0x20 C:\Users\HP\Desktop\NTI Training\pls\debug\HAL\LED\LED_Program.c.o
 .debug_aranges
                0x000000c0       0x20 C:\Users\HP\Desktop\NTI Training\pls\debug\HAL\Relay\RELAY_Program.c.o
 .debug_aranges
                0x000000e0       0x20 C:\Users\HP\Desktop\NTI Training\pls\debug\MCAL\ADC\ADC_Program.c.o
 .debug_aranges
                0x00000100       0x20 C:\Users\HP\Desktop\NTI Training\pls\debug\MCAL\DIO\DIO_Program.c.o
 .debug_aranges
                0x00000120       0x20 C:\Users\HP\Desktop\NTI Training\pls\debug\MCAL\EXTI\EXTI_Program.c.o
 .debug_aranges
                0x00000140       0x20 C:\Users\HP\Desktop\NTI Training\pls\debug\MCAL\GIE\GIE_Program.c.o
 .debug_aranges
                0x00000160       0x20 C:\Users\HP\Desktop\NTI Training\pls\debug\MCAL\TIMER0\TIMER0_Program.c.o

.debug_pubnames
 *(.debug_pubnames)

.debug_info     0x00000000     0x27fd
 *(.debug_info .gnu.linkonce.wi.*)
 .debug_info    0x00000000      0x4e6 C:/avr8-gnu-toolchain-win32_x86_64/bin/../lib/gcc/avr/15.1.0/../../../../avr/lib/avr5/crtatmega32.o
 .debug_info    0x000004e6      0x265 C:\Users\HP\Desktop\NTI Training\pls\debug\App\main.c.o
 .debug_info    0x0000074b      0x2a8 C:\Users\HP\Desktop\NTI Training\pls\debug\HAL\BTN_EXTI\BTN_EXTI_Program.c.o
 .debug_info    0x000009f3      0x1b8 C:\Users\HP\Desktop\NTI Training\pls\debug\HAL\Button\BTN_Program.c.o
 .debug_info    0x00000bab      0x42a C:\Users\HP\Desktop\NTI Training\pls\debug\HAL\Keypad\Keypad_Program.c.o
 .debug_info    0x00000fd5      0xcc0 C:\Users\HP\Desktop\NTI Training\pls\debug\HAL\LCD\LCD_Program.c.o
 .debug_info    0x00001c95      0x245 C:\Users\HP\Desktop\NTI Training\pls\debug\HAL\LED\LED_Program.c.o
 .debug_info    0x00001eda      0x260 C:\Users\HP\Desktop\NTI Training\pls\debug\HAL\Relay\RELAY_Program.c.o
 .debug_info    0x0000213a      0x13e C:\Users\HP\Desktop\NTI Training\pls\debug\MCAL\ADC\ADC_Program.c.o
 .debug_info    0x00002278      0x1cf C:\Users\HP\Desktop\NTI Training\pls\debug\MCAL\DIO\DIO_Program.c.o
 .debug_info    0x00002447      0x189 C:\Users\HP\Desktop\NTI Training\pls\debug\MCAL\EXTI\EXTI_Program.c.o
 .debug_info    0x000025d0       0x8b C:\Users\HP\Desktop\NTI Training\pls\debug\MCAL\GIE\GIE_Program.c.o
 .debug_info    0x0000265b      0x1a2 C:\Users\HP\Desktop\NTI Training\pls\debug\MCAL\TIMER0\TIMER0_Program.c.o

.debug_abbrev   0x00000000     0x1057
 *(.debug_abbrev)
 .debug_abbrev  0x00000000      0x4a3 C:/avr8-gnu-toolchain-win32_x86_64/bin/../lib/gcc/avr/15.1.0/../../../../avr/lib/avr5/crtatmega32.o
 .debug_abbrev  0x000004a3      0x126 C:\Users\HP\Desktop\NTI Training\pls\debug\App\main.c.o
 .debug_abbrev  0x000005c9       0xe0 C:\Users\HP\Desktop\NTI Training\pls\debug\HAL\BTN_EXTI\BTN_EXTI_Program.c.o
 .debug_abbrev  0x000006a9       0xea C:\Users\HP\Desktop\NTI Training\pls\debug\HAL\Button\BTN_Program.c.o
 .debug_abbrev  0x00000793      0x196 C:\Users\HP\Desktop\NTI Training\pls\debug\HAL\Keypad\Keypad_Program.c.o
 .debug_abbrev  0x00000929      0x1a4 C:\Users\HP\Desktop\NTI Training\pls\debug\HAL\LCD\LCD_Program.c.o
 .debug_abbrev  0x00000acd       0xc8 C:\Users\HP\Desktop\NTI Training\pls\debug\HAL\LED\LED_Program.c.o
 .debug_abbrev  0x00000b95       0xd4 C:\Users\HP\Desktop\NTI Training\pls\debug\HAL\Relay\RELAY_Program.c.o
 .debug_abbrev  0x00000c69       0xd2 C:\Users\HP\Desktop\NTI Training\pls\debug\MCAL\ADC\ADC_Program.c.o
 .debug_abbrev  0x00000d3b       0xc7 C:\Users\HP\Desktop\NTI Training\pls\debug\MCAL\DIO\DIO_Program.c.o
 .debug_abbrev  0x00000e02       0xe5 C:\Users\HP\Desktop\NTI Training\pls\debug\MCAL\EXTI\EXTI_Program.c.o
 .debug_abbrev  0x00000ee7       0x52 C:\Users\HP\Desktop\NTI Training\pls\debug\MCAL\GIE\GIE_Program.c.o
 .debug_abbrev  0x00000f39      0x11e C:\Users\HP\Desktop\NTI Training\pls\debug\MCAL\TIMER0\TIMER0_Program.c.o

.debug_line     0x00000000     0x2371
 *(.debug_line .debug_line.* .debug_line_end)
 .debug_line    0x00000000       0x1d C:/avr8-gnu-toolchain-win32_x86_64/bin/../lib/gcc/avr/15.1.0/../../../../avr/lib/avr5/crtatmega32.o
 .debug_line    0x0000001d      0x19a C:\Users\HP\Desktop\NTI Training\pls\debug\App\main.c.o
 .debug_line    0x000001b7        0x0 C:\Users\HP\Desktop\NTI Training\pls\debug\App\statemachine_Program.c.o
 .debug_line    0x000001b7      0x1b2 C:\Users\HP\Desktop\NTI Training\pls\debug\HAL\BTN_EXTI\BTN_EXTI_Program.c.o
 .debug_line    0x00000369       0xab C:\Users\HP\Desktop\NTI Training\pls\debug\HAL\Button\BTN_Program.c.o
 .debug_line    0x00000414      0x262 C:\Users\HP\Desktop\NTI Training\pls\debug\HAL\Keypad\Keypad_Program.c.o
 .debug_line    0x00000676      0xb4b C:\Users\HP\Desktop\NTI Training\pls\debug\HAL\LCD\LCD_Program.c.o
 .debug_line    0x000011c1      0x135 C:\Users\HP\Desktop\NTI Training\pls\debug\HAL\LED\LED_Program.c.o
 .debug_line    0x000012f6       0xc3 C:\Users\HP\Desktop\NTI Training\pls\debug\HAL\Relay\RELAY_Program.c.o
 .debug_line    0x000013b9      0x223 C:\Users\HP\Desktop\NTI Training\pls\debug\MCAL\ADC\ADC_Program.c.o
 .debug_line    0x000015dc      0x58a C:\Users\HP\Desktop\NTI Training\pls\debug\MCAL\DIO\DIO_Program.c.o
 .debug_line    0x00001b66      0x438 C:\Users\HP\Desktop\NTI Training\pls\debug\MCAL\EXTI\EXTI_Program.c.o
 .debug_line    0x00001f9e       0x7c C:\Users\HP\Desktop\NTI Training\pls\debug\MCAL\GIE\GIE_Program.c.o
 .debug_line    0x0000201a      0x357 C:\Users\HP\Desktop\NTI Training\pls\debug\MCAL\TIMER0\TIMER0_Program.c.o

.debug_frame    0x00000000      0x600
 *(.debug_frame)
 .debug_frame   0x00000000       0x44 C:\Users\HP\Desktop\NTI Training\pls\debug\App\main.c.o
 .debug_frame   0x00000044       0x34 C:\Users\HP\Desktop\NTI Training\pls\debug\HAL\BTN_EXTI\BTN_EXTI_Program.c.o
 .debug_frame   0x00000078       0x44 C:\Users\HP\Desktop\NTI Training\pls\debug\HAL\Button\BTN_Program.c.o
 .debug_frame   0x000000bc       0x44 C:\Users\HP\Desktop\NTI Training\pls\debug\HAL\Keypad\Keypad_Program.c.o
 .debug_frame   0x00000100       0xdc C:\Users\HP\Desktop\NTI Training\pls\debug\HAL\LCD\LCD_Program.c.o
 .debug_frame   0x000001dc       0x54 C:\Users\HP\Desktop\NTI Training\pls\debug\HAL\LED\LED_Program.c.o
 .debug_frame   0x00000230       0x64 C:\Users\HP\Desktop\NTI Training\pls\debug\HAL\Relay\RELAY_Program.c.o
 .debug_frame   0x00000294       0x54 C:\Users\HP\Desktop\NTI Training\pls\debug\MCAL\ADC\ADC_Program.c.o
 .debug_frame   0x000002e8       0x74 C:\Users\HP\Desktop\NTI Training\pls\debug\MCAL\DIO\DIO_Program.c.o
 .debug_frame   0x0000035c      0x15c C:\Users\HP\Desktop\NTI Training\pls\debug\MCAL\EXTI\EXTI_Program.c.o
 .debug_frame   0x000004b8       0x34 C:\Users\HP\Desktop\NTI Training\pls\debug\MCAL\GIE\GIE_Program.c.o
 .debug_frame   0x000004ec      0x114 C:\Users\HP\Desktop\NTI Training\pls\debug\MCAL\TIMER0\TIMER0_Program.c.o

.debug_str      0x00000000      0x6b2
 *(.debug_str)
 .debug_str     0x00000000      0x196 C:/avr8-gnu-toolchain-win32_x86_64/bin/../lib/gcc/avr/15.1.0/../../../../avr/lib/avr5/crtatmega32.o
 .debug_str     0x00000196      0x51c C:\Users\HP\Desktop\NTI Training\pls\debug\App\main.c.o
                                0x178 (size before relaxing)
 .debug_str     0x000006b2       0x6a C:\Users\HP\Desktop\NTI Training\pls\debug\App\statemachine_Program.c.o
 .debug_str     0x000006b2      0x14c C:\Users\HP\Desktop\NTI Training\pls\debug\HAL\BTN_EXTI\BTN_EXTI_Program.c.o
 .debug_str     0x000006b2      0x13e C:\Users\HP\Desktop\NTI Training\pls\debug\HAL\Button\BTN_Program.c.o
 .debug_str     0x000006b2      0x18e C:\Users\HP\Desktop\NTI Training\pls\debug\HAL\Keypad\Keypad_Program.c.o
 .debug_str     0x000006b2      0x211 C:\Users\HP\Desktop\NTI Training\pls\debug\HAL\LCD\LCD_Program.c.o
 .debug_str     0x000006b2      0x151 C:\Users\HP\Desktop\NTI Training\pls\debug\HAL\LED\LED_Program.c.o
 .debug_str     0x000006b2      0x144 C:\Users\HP\Desktop\NTI Training\pls\debug\HAL\Relay\RELAY_Program.c.o
 .debug_str     0x000006b2      0x161 C:\Users\HP\Desktop\NTI Training\pls\debug\MCAL\ADC\ADC_Program.c.o
 .debug_str     0x000006b2      0x175 C:\Users\HP\Desktop\NTI Training\pls\debug\MCAL\DIO\DIO_Program.c.o
 .debug_str     0x000006b2      0x177 C:\Users\HP\Desktop\NTI Training\pls\debug\MCAL\EXTI\EXTI_Program.c.o
 .debug_str     0x000006b2       0xf0 C:\Users\HP\Desktop\NTI Training\pls\debug\MCAL\GIE\GIE_Program.c.o
 .debug_str     0x000006b2      0x1d5 C:\Users\HP\Desktop\NTI Training\pls\debug\MCAL\TIMER0\TIMER0_Program.c.o

.debug_loc
 *(.debug_loc)

.debug_macinfo
 *(.debug_macinfo)

.debug_weaknames
 *(.debug_weaknames)

.debug_funcnames
 *(.debug_funcnames)

.debug_typenames
 *(.debug_typenames)

.debug_varnames
 *(.debug_varnames)

.debug_pubtypes
 *(.debug_pubtypes)

.debug_ranges
 *(.debug_ranges)

.debug_addr
 *(.debug_addr)

.debug_line_str
                0x00000000      0x702
 *(.debug_line_str)
 .debug_line_str
                0x00000000      0x702 C:\Users\HP\Desktop\NTI Training\pls\debug\App\main.c.o
                                0x1a6 (size before relaxing)
 .debug_line_str
                0x00000702       0x65 C:\Users\HP\Desktop\NTI Training\pls\debug\App\statemachine_Program.c.o
 .debug_line_str
                0x00000702      0x19d C:\Users\HP\Desktop\NTI Training\pls\debug\HAL\BTN_EXTI\BTN_EXTI_Program.c.o
 .debug_line_str
                0x00000702      0x14a C:\Users\HP\Desktop\NTI Training\pls\debug\HAL\Button\BTN_Program.c.o
 .debug_line_str
                0x00000702      0x18f C:\Users\HP\Desktop\NTI Training\pls\debug\HAL\Keypad\Keypad_Program.c.o
 .debug_line_str
                0x00000702      0x180 C:\Users\HP\Desktop\NTI Training\pls\debug\HAL\LCD\LCD_Program.c.o
 .debug_line_str
                0x00000702      0x144 C:\Users\HP\Desktop\NTI Training\pls\debug\HAL\LED\LED_Program.c.o
 .debug_line_str
                0x00000702      0x14e C:\Users\HP\Desktop\NTI Training\pls\debug\HAL\Relay\RELAY_Program.c.o
 .debug_line_str
                0x00000702      0x116 C:\Users\HP\Desktop\NTI Training\pls\debug\MCAL\ADC\ADC_Program.c.o
 .debug_line_str
                0x00000702      0x108 C:\Users\HP\Desktop\NTI Training\pls\debug\MCAL\DIO\DIO_Program.c.o
 .debug_line_str
                0x00000702      0x10d C:\Users\HP\Desktop\NTI Training\pls\debug\MCAL\EXTI\EXTI_Program.c.o
 .debug_line_str
                0x00000702      0x108 C:\Users\HP\Desktop\NTI Training\pls\debug\MCAL\GIE\GIE_Program.c.o
 .debug_line_str
                0x00000702      0x128 C:\Users\HP\Desktop\NTI Training\pls\debug\MCAL\TIMER0\TIMER0_Program.c.o

.debug_loclists
                0x00000000     0x1104
 *(.debug_loclists)
 .debug_loclists
                0x00000000       0x5a C:\Users\HP\Desktop\NTI Training\pls\debug\App\main.c.o
 .debug_loclists
                0x0000005a      0x103 C:\Users\HP\Desktop\NTI Training\pls\debug\HAL\BTN_EXTI\BTN_EXTI_Program.c.o
 .debug_loclists
                0x0000015d       0x7d C:\Users\HP\Desktop\NTI Training\pls\debug\HAL\Button\BTN_Program.c.o
 .debug_loclists
                0x000001da       0xce C:\Users\HP\Desktop\NTI Training\pls\debug\HAL\Keypad\Keypad_Program.c.o
 .debug_loclists
                0x000002a8      0x6ae C:\Users\HP\Desktop\NTI Training\pls\debug\HAL\LCD\LCD_Program.c.o
 .debug_loclists
                0x00000956      0x186 C:\Users\HP\Desktop\NTI Training\pls\debug\HAL\LED\LED_Program.c.o
 .debug_loclists
                0x00000adc       0xcc C:\Users\HP\Desktop\NTI Training\pls\debug\HAL\Relay\RELAY_Program.c.o
 .debug_loclists
                0x00000ba8       0x44 C:\Users\HP\Desktop\NTI Training\pls\debug\MCAL\ADC\ADC_Program.c.o
 .debug_loclists
                0x00000bec      0x34c C:\Users\HP\Desktop\NTI Training\pls\debug\MCAL\DIO\DIO_Program.c.o
 .debug_loclists
                0x00000f38      0x1a4 C:\Users\HP\Desktop\NTI Training\pls\debug\MCAL\EXTI\EXTI_Program.c.o
 .debug_loclists
                0x000010dc       0x28 C:\Users\HP\Desktop\NTI Training\pls\debug\MCAL\TIMER0\TIMER0_Program.c.o

.debug_macro
 *(.debug_macro)

.debug_names
 *(.debug_names)

.debug_rnglists
                0x00000000       0x17
 *(.debug_rnglists)
 .debug_rnglists
                0x00000000       0x17 C:\Users\HP\Desktop\NTI Training\pls\debug\HAL\Keypad\Keypad_Program.c.o

.debug_str_offsets
 *(.debug_str_offsets)

.debug_sup
 *(.debug_sup)
OUTPUT(C:\Users\HP\Desktop\NTI Training\pls\debug\Firmware.elf elf32-avr)
LOAD linker stubs
